Component: ARM Compiler 5.06 update 6 (build 750) Tool: armlink [4d35ed]

==============================================================================

Section Cross References

    startup_stm32f10x_md.o(RESET) refers to startup_stm32f10x_md.o(STACK) for __initial_sp
    startup_stm32f10x_md.o(RESET) refers to startup_stm32f10x_md.o(.text) for Reset_Handler
    startup_stm32f10x_md.o(RESET) refers to stm32f10x_it.o(i.NMI_Handler) for NMI_Handler
    startup_stm32f10x_md.o(RESET) refers to stm32f10x_it.o(i.HardFault_Handler) for HardFault_Handler
    startup_stm32f10x_md.o(RESET) refers to stm32f10x_it.o(i.MemManage_Handler) for MemManage_Handler
    startup_stm32f10x_md.o(RESET) refers to stm32f10x_it.o(i.BusFault_Handler) for BusFault_Handler
    startup_stm32f10x_md.o(RESET) refers to stm32f10x_it.o(i.UsageFault_Handler) for UsageFault_Handler
    startup_stm32f10x_md.o(RESET) refers to stm32f10x_it.o(i.SVC_Handler) for SVC_Handler
    startup_stm32f10x_md.o(RESET) refers to stm32f10x_it.o(i.DebugMon_Handler) for DebugMon_Handler
    startup_stm32f10x_md.o(RESET) refers to os_cpu_a.o(.text) for PendSV_Handler
    startup_stm32f10x_md.o(RESET) refers to os_cpu_c.o(i.SysTick_Handler) for SysTick_Handler
    startup_stm32f10x_md.o(.text) refers to system_stm32f10x.o(i.SystemInit) for SystemInit
    startup_stm32f10x_md.o(.text) refers to entry.o(.ARM.Collect$$$$00000000) for __main
    system_stm32f10x.o(i.SetSysClock) refers to system_stm32f10x.o(i.SetSysClockTo72) for SetSysClockTo72
    system_stm32f10x.o(i.SystemCoreClockUpdate) refers to system_stm32f10x.o(.data) for SystemCoreClock
    system_stm32f10x.o(i.SystemInit) refers to system_stm32f10x.o(i.SetSysClock) for SetSysClock
    stm32f10x_adc.o(i.ADC_DeInit) refers to stm32f10x_rcc.o(i.RCC_APB2PeriphResetCmd) for RCC_APB2PeriphResetCmd
    stm32f10x_bkp.o(i.BKP_DeInit) refers to stm32f10x_rcc.o(i.RCC_BackupResetCmd) for RCC_BackupResetCmd
    stm32f10x_can.o(i.CAN_DeInit) refers to stm32f10x_rcc.o(i.RCC_APB1PeriphResetCmd) for RCC_APB1PeriphResetCmd
    stm32f10x_can.o(i.CAN_GetITStatus) refers to stm32f10x_can.o(i.CheckITStatus) for CheckITStatus
    stm32f10x_cec.o(i.CEC_DeInit) refers to stm32f10x_rcc.o(i.RCC_APB1PeriphResetCmd) for RCC_APB1PeriphResetCmd
    stm32f10x_dac.o(i.DAC_DeInit) refers to stm32f10x_rcc.o(i.RCC_APB1PeriphResetCmd) for RCC_APB1PeriphResetCmd
    stm32f10x_flash.o(i.FLASH_EnableWriteProtection) refers to stm32f10x_flash.o(i.FLASH_WaitForLastOperation) for FLASH_WaitForLastOperation
    stm32f10x_flash.o(i.FLASH_EraseAllBank1Pages) refers to stm32f10x_flash.o(i.FLASH_WaitForLastBank1Operation) for FLASH_WaitForLastBank1Operation
    stm32f10x_flash.o(i.FLASH_EraseAllPages) refers to stm32f10x_flash.o(i.FLASH_WaitForLastOperation) for FLASH_WaitForLastOperation
    stm32f10x_flash.o(i.FLASH_EraseOptionBytes) refers to stm32f10x_flash.o(i.FLASH_GetReadOutProtectionStatus) for FLASH_GetReadOutProtectionStatus
    stm32f10x_flash.o(i.FLASH_EraseOptionBytes) refers to stm32f10x_flash.o(i.FLASH_WaitForLastOperation) for FLASH_WaitForLastOperation
    stm32f10x_flash.o(i.FLASH_ErasePage) refers to stm32f10x_flash.o(i.FLASH_WaitForLastOperation) for FLASH_WaitForLastOperation
    stm32f10x_flash.o(i.FLASH_ProgramHalfWord) refers to stm32f10x_flash.o(i.FLASH_WaitForLastOperation) for FLASH_WaitForLastOperation
    stm32f10x_flash.o(i.FLASH_ProgramOptionByteData) refers to stm32f10x_flash.o(i.FLASH_WaitForLastOperation) for FLASH_WaitForLastOperation
    stm32f10x_flash.o(i.FLASH_ProgramWord) refers to stm32f10x_flash.o(i.FLASH_WaitForLastOperation) for FLASH_WaitForLastOperation
    stm32f10x_flash.o(i.FLASH_ReadOutProtection) refers to stm32f10x_flash.o(i.FLASH_WaitForLastOperation) for FLASH_WaitForLastOperation
    stm32f10x_flash.o(i.FLASH_UserOptionByteConfig) refers to stm32f10x_flash.o(i.FLASH_WaitForLastOperation) for FLASH_WaitForLastOperation
    stm32f10x_flash.o(i.FLASH_WaitForLastBank1Operation) refers to stm32f10x_flash.o(i.FLASH_GetBank1Status) for FLASH_GetBank1Status
    stm32f10x_flash.o(i.FLASH_WaitForLastOperation) refers to stm32f10x_flash.o(i.FLASH_GetBank1Status) for FLASH_GetBank1Status
    stm32f10x_gpio.o(i.GPIO_AFIODeInit) refers to stm32f10x_rcc.o(i.RCC_APB2PeriphResetCmd) for RCC_APB2PeriphResetCmd
    stm32f10x_gpio.o(i.GPIO_DeInit) refers to stm32f10x_rcc.o(i.RCC_APB2PeriphResetCmd) for RCC_APB2PeriphResetCmd
    stm32f10x_i2c.o(i.I2C_DeInit) refers to stm32f10x_rcc.o(i.RCC_APB1PeriphResetCmd) for RCC_APB1PeriphResetCmd
    stm32f10x_i2c.o(i.I2C_Init) refers to stm32f10x_rcc.o(i.RCC_GetClocksFreq) for RCC_GetClocksFreq
    stm32f10x_pwr.o(i.PWR_DeInit) refers to stm32f10x_rcc.o(i.RCC_APB1PeriphResetCmd) for RCC_APB1PeriphResetCmd
    stm32f10x_rcc.o(i.RCC_GetClocksFreq) refers to stm32f10x_rcc.o(.data) for APBAHBPrescTable
    stm32f10x_rcc.o(i.RCC_WaitForHSEStartUp) refers to stm32f10x_rcc.o(i.RCC_GetFlagStatus) for RCC_GetFlagStatus
[...]
    Removing stm32f10x_i2c.o(i.I2C_SMBusAlertConfig), (28 bytes).
    Removing stm32f10x_i2c.o(i.I2C_Send7bitAddress), (18 bytes).
    Removing stm32f10x_i2c.o(i.I2C_SendData), (4 bytes).
    Removing stm32f10x_i2c.o(i.I2C_SoftwareResetCmd), (22 bytes).
    Removing stm32f10x_i2c.o(i.I2C_StretchClockCmd), (24 bytes).
    Removing stm32f10x_i2c.o(i.I2C_StructInit), (30 bytes).
    Removing stm32f10x_i2c.o(i.I2C_TransmitPEC), (24 bytes).
    Removing stm32f10x_iwdg.o(i.IWDG_Enable), (16 bytes).
    Removing stm32f10x_iwdg.o(i.IWDG_GetFlagStatus), (24 bytes).
    Removing stm32f10x_iwdg.o(i.IWDG_ReloadCounter), (16 bytes).
    Removing stm32f10x_iwdg.o(i.IWDG_SetPrescaler), (12 bytes).
    Removing stm32f10x_iwdg.o(i.IWDG_SetReload), (12 bytes).
    Removing stm32f10x_iwdg.o(i.IWDG_WriteAccessCmd), (12 bytes).
    Removing stm32f10x_pwr.o(i.PWR_BackupAccessCmd), (12 bytes).
    Removing stm32f10x_pwr.o(i.PWR_ClearFlag), (20 bytes).
    Removing stm32f10x_pwr.o(i.PWR_DeInit), (22 bytes).
    Removing stm32f10x_pwr.o(i.PWR_EnterSTANDBYMode), (52 bytes).
    Removing stm32f10x_pwr.o(i.PWR_EnterSTOPMode), (64 bytes).
    Removing stm32f10x_pwr.o(i.PWR_GetFlagStatus), (24 bytes).
    Removing stm32f10x_pwr.o(i.PWR_PVDCmd), (12 bytes).
    Removing stm32f10x_pwr.o(i.PWR_PVDLevelConfig), (24 bytes).
    Removing stm32f10x_pwr.o(i.PWR_WakeUpPinCmd), (12 bytes).
    Removing stm32f10x_rcc.o(i.RCC_ADCCLKConfig), (24 bytes).
    Removing stm32f10x_rcc.o(i.RCC_AHBPeriphClockCmd), (32 bytes).
    Removing stm32f10x_rcc.o(i.RCC_APB1PeriphClockCmd), (32 bytes).
    Removing stm32f10x_rcc.o(i.RCC_APB1PeriphResetCmd), (32 bytes).
    Removing stm32f10x_rcc.o(i.RCC_APB2PeriphResetCmd), (32 bytes).
    Removing stm32f10x_rcc.o(i.RCC_AdjustHSICalibrationValue), (24 bytes).
    Removing stm32f10x_rcc.o(i.RCC_BackupResetCmd), (12 bytes).
    Removing stm32f10x_rcc.o(i.RCC_ClearFlag), (20 bytes).
    Removing stm32f10x_rcc.o(i.RCC_ClearITPendingBit), (12 bytes).
    Removing stm32f10x_rcc.o(i.RCC_ClockSecuritySystemCmd), (12 bytes).
    Removing stm32f10x_rcc.o(i.RCC_DeInit), (76 bytes).
    Removing stm32f10x_rcc.o(i.RCC_GetFlagStatus), (60 bytes).
    Removing stm32f10x_rcc.o(i.RCC_GetITStatus), (24 bytes).
    Removing stm32f10x_rcc.o(i.RCC_GetSYSCLKSource), (16 bytes).
    Removing stm32f10x_rcc.o(i.RCC_HCLKConfig), (24 bytes).
    Removing stm32f10x_rcc.o(i.RCC_HSEConfig), (76 bytes).
    Removing stm32f10x_rcc.o(i.RCC_HSICmd), (12 bytes).
    Removing stm32f10x_rcc.o(i.RCC_ITConfig), (32 bytes).
    Removing stm32f10x_rcc.o(i.RCC_LSEConfig), (52 bytes).
    Removing stm32f10x_rcc.o(i.RCC_LSICmd), (12 bytes).
    Removing stm32f10x_rcc.o(i.RCC_MCOConfig), (12 bytes).
    Removing stm32f10x_rcc.o(i.RCC_PCLK1Config), (24 bytes).
    Removing stm32f10x_rcc.o(i.RCC_PCLK2Config), (24 bytes).
    Removing stm32f10x_rcc.o(i.RCC_PLLCmd), (12 bytes).
    Removing stm32f10x_rcc.o(i.RCC_PLLConfig), (28 bytes).
    Removing stm32f10x_rcc.o(i.RCC_RTCCLKCmd), (12 bytes).
    Removing stm32f10x_rcc.o(i.RCC_RTCCLKConfig), (16 bytes).
    Removing stm32f10x_rcc.o(i.RCC_SYSCLKConfig), (24 bytes).
    Removing stm32f10x_rcc.o(i.RCC_USBCLKConfig), (12 bytes).
    Removing stm32f10x_rcc.o(i.RCC_WaitForHSEStartUp), (56 bytes).
    Removing stm32f10x_rtc.o(i.RTC_ClearFlag), (16 bytes).
    Removing stm32f10x_rtc.o(i.RTC_ClearITPendingBit), (16 bytes).
    Removing stm32f10x_rtc.o(i.RTC_EnterConfigMode), (20 bytes).
    Removing stm32f10x_rtc.o(i.RTC_ExitConfigMode), (20 bytes).
    Removing stm32f10x_rtc.o(i.RTC_GetCounter), (20 bytes).
    Removing stm32f10x_rtc.o(i.RTC_GetDivider), (24 bytes).
    Removing stm32f10x_rtc.o(i.RTC_GetFlagStatus), (24 bytes).
    Removing stm32f10x_rtc.o(i.RTC_GetITStatus), (36 bytes).
    Removing stm32f10x_rtc.o(i.RTC_ITConfig), (32 bytes).
    Removing stm32f10x_rtc.o(i.RTC_SetAlarm), (28 bytes).
    Removing stm32f10x_rtc.o(i.RTC_SetCounter), (28 bytes).
    Removing stm32f10x_rtc.o(i.RTC_SetPrescaler), (32 bytes).
    Removing stm32f10x_rtc.o(i.RTC_WaitForLastTask), (20 bytes).
    Removing stm32f10x_rtc.o(i.RTC_WaitForSynchro), (36 bytes).
    Removing stm32f10x_sdio.o(i.SDIO_CEATAITCmd), (16 bytes).
    Removing stm32f10x_sdio.o(i.SDIO_ClearFlag), (12 bytes).
    Removing stm32f10x_sdio.o(i.SDIO_ClearITPendingBit), (12 bytes).
    Removing stm32f10x_sdio.o(i.SDIO_ClockCmd), (12 bytes).
    Removing stm32f10x_sdio.o(i.SDIO_CmdStructInit), (14 bytes).
    Removing stm32f10x_sdio.o(i.SDIO_CommandCompletionCmd), (12 bytes).
    Removing stm32f10x_sdio.o(i.SDIO_DMACmd), (12 bytes).
    Removing stm32f10x_sdio.o(i.SDIO_DataConfig), (48 bytes).
    Removing stm32f10x_sdio.o(i.SDIO_DataStructInit), (20 bytes).
    Removing stm32f10x_sdio.o(i.SDIO_DeInit), (36 bytes).
    Removing stm32f10x_sdio.o(i.SDIO_GetCommandResponse), (12 bytes).
    Removing stm32f10x_sdio.o(i.SDIO_GetDataCounter), (12 bytes).
    Removing stm32f10x_sdio.o(i.SDIO_GetFIFOCount), (12 bytes).
    Removing stm32f10x_sdio.o(i.SDIO_GetFlagStatus), (24 bytes).
    Removing stm32f10x_sdio.o(i.SDIO_GetITStatus), (24 bytes).
    Removing stm32f10x_sdio.o(i.SDIO_GetPowerState), (16 bytes).
    Removing stm32f10x_sdio.o(i.SDIO_GetResponse), (24 bytes).
    Removing stm32f10x_sdio.o(i.SDIO_ITConfig), (32 bytes).
    Removing stm32f10x_sdio.o(i.SDIO_Init), (48 bytes).
    Removing stm32f10x_sdio.o(i.SDIO_ReadData), (12 bytes).
    Removing stm32f10x_sdio.o(i.SDIO_SendCEATACmd), (12 bytes).
    Removing stm32f10x_sdio.o(i.SDIO_SendCommand), (44 bytes).
    Removing stm32f10x_sdio.o(i.SDIO_SendSDIOSuspendCmd), (12 bytes).
    Removing stm32f10x_sdio.o(i.SDIO_SetPowerState), (28 bytes).
    Removing stm32f10x_sdio.o(i.SDIO_SetSDIOOperation), (12 bytes).
    Removing stm32f10x_sdio.o(i.SDIO_SetSDIOReadWaitMode), (12 bytes).
    Removing stm32f10x_sdio.o(i.SDIO_StartSDIOReadWait), (12 bytes).
    Removing stm32f10x_sdio.o(i.SDIO_StopSDIOReadWait), (12 bytes).
    Removing stm32f10x_sdio.o(i.SDIO_StructInit), (16 bytes).
    Removing stm32f10x_sdio.o(i.SDIO_WriteData), (12 bytes).
    Removing stm32f10x_spi.o(i.I2S_Cmd), (24 bytes).
    Removing stm32f10x_spi.o(i.I2S_Init), (232 bytes).
    Removing stm32f10x_spi.o(i.I2S_StructInit), (20 bytes).
    Removing stm32f10x_spi.o(i.SPI_BiDirectionalLineConfig), (28 bytes).
    Removing stm32f10x_spi.o(i.SPI_CalculateCRC), (24 bytes).
    Removing stm32f10x_spi.o(i.SPI_Cmd), (24 bytes).
    Removing stm32f10x_spi.o(i.SPI_DataSizeConfig), (18 bytes).
    Removing stm32f10x_spi.o(i.SPI_GetCRC), (16 bytes).
    Removing stm32f10x_spi.o(i.SPI_GetCRCPolynomial), (6 bytes).
    Removing stm32f10x_spi.o(i.SPI_I2S_ClearFlag), (6 bytes).
    Removing stm32f10x_spi.o(i.SPI_I2S_ClearITPendingBit), (20 bytes).
    Removing stm32f10x_spi.o(i.SPI_I2S_DMACmd), (18 bytes).
    Removing stm32f10x_spi.o(i.SPI_I2S_DeInit), (88 bytes).
    Removing stm32f10x_spi.o(i.SPI_I2S_GetFlagStatus), (18 bytes).
    Removing stm32f10x_spi.o(i.SPI_I2S_GetITStatus), (52 bytes).
    Removing stm32f10x_spi.o(i.SPI_I2S_ITConfig), (32 bytes).
    Removing stm32f10x_spi.o(i.SPI_I2S_ReceiveData), (6 bytes).
    Removing stm32f10x_spi.o(i.SPI_I2S_SendData), (4 bytes).
    Removing stm32f10x_spi.o(i.SPI_Init), (60 bytes).
    Removing stm32f10x_spi.o(i.SPI_NSSInternalSoftwareConfig), (30 bytes).
    Removing stm32f10x_spi.o(i.SPI_SSOutputCmd), (24 bytes).
    Removing stm32f10x_spi.o(i.SPI_StructInit), (24 bytes).
    Removing stm32f10x_spi.o(i.SPI_TransmitCRC), (10 bytes).
    Removing stm32f10x_tim.o(i.TI1_Config), (128 bytes).
    Removing stm32f10x_tim.o(i.TI2_Config), (152 bytes).
    Removing stm32f10x_tim.o(i.TI3_Config), (144 bytes).
    Removing stm32f10x_tim.o(i.TI4_Config), (152 bytes).
    Removing stm32f10x_tim.o(i.TIM_ARRPreloadConfig), (24 bytes).
    Removing stm32f10x_tim.o(i.TIM_BDTRConfig), (32 bytes).
    Removing stm32f10x_tim.o(i.TIM_BDTRStructInit), (18 bytes).
    Removing stm32f10x_tim.o(i.TIM_CCPreloadControl), (24 bytes).
    Removing stm32f10x_tim.o(i.TIM_CCxCmd), (30 bytes).
    Removing stm32f10x_tim.o(i.TIM_CCxNCmd), (30 bytes).
    Removing stm32f10x_tim.o(i.TIM_ClearFlag), (6 bytes).
    Removing stm32f10x_tim.o(i.TIM_ClearITPendingBit), (6 bytes).
    Removing stm32f10x_tim.o(i.TIM_ClearOC1Ref), (18 bytes).
    Removing stm32f10x_tim.o(i.TIM_ClearOC2Ref), (24 bytes).
    Removing stm32f10x_tim.o(i.TIM_ClearOC3Ref), (18 bytes).
    Removing stm32f10x_tim.o(i.TIM_ClearOC4Ref), (24 bytes).
    Removing stm32f10x_tim.o(i.TIM_Cmd), (24 bytes).
    Removing stm32f10x_tim.o(i.TIM_CounterModeConfig), (18 bytes).
    Removing stm32f10x_tim.o(i.TIM_CtrlPWMOutputs), (30 bytes).
    Removing stm32f10x_tim.o(i.TIM_DMACmd), (18 bytes).
    Removing stm32f10x_tim.o(i.TIM_DMAConfig), (10 bytes).
    Removing stm32f10x_tim.o(i.TIM_DeInit), (488 bytes).
    Removing stm32f10x_tim.o(i.TIM_ETRClockMode1Config), (54 bytes).
    Removing stm32f10x_tim.o(i.TIM_ETRClockMode2Config), (32 bytes).
    Removing stm32f10x_tim.o(i.TIM_ETRConfig), (28 bytes).
    Removing stm32f10x_tim.o(i.TIM_EncoderInterfaceConfig), (66 bytes).
    Removing stm32f10x_tim.o(i.TIM_ForcedOC1Config), (18 bytes).
    Removing stm32f10x_tim.o(i.TIM_ForcedOC2Config), (26 bytes).
    Removing stm32f10x_tim.o(i.TIM_ForcedOC3Config), (18 bytes).
    Removing stm32f10x_tim.o(i.TIM_ForcedOC4Config), (26 bytes).
    Removing stm32f10x_tim.o(i.TIM_GenerateEvent), (4 bytes).
    Removing stm32f10x_tim.o(i.TIM_GetCapture1), (6 bytes).
    Removing stm32f10x_tim.o(i.TIM_GetCapture2), (6 bytes).
    Removing stm32f10x_tim.o(i.TIM_GetCapture3), (6 bytes).
    Removing stm32f10x_tim.o(i.TIM_GetCapture4), (8 bytes).
    Removing stm32f10x_tim.o(i.TIM_GetCounter), (6 bytes).
    Removing stm32f10x_tim.o(i.TIM_GetFlagStatus), (18 bytes).
    Removing stm32f10x_tim.o(i.TIM_GetITStatus), (34 bytes).
    Removing stm32f10x_tim.o(i.TIM_GetPrescaler), (6 bytes).
    Removing stm32f10x_tim.o(i.TIM_ICInit), (172 bytes).
    Removing stm32f10x_tim.o(i.TIM_ICStructInit), (18 bytes).
    Removing stm32f10x_tim.o(i.TIM_ITConfig), (18 bytes).
    Removing stm32f10x_tim.o(i.TIM_ITRxExternalClockConfig), (24 bytes).
    Removing stm32f10x_tim.o(i.TIM_InternalClockConfig), (12 bytes).
    Removing stm32f10x_tim.o(i.TIM_OC1FastConfig), (18 bytes).
    Removing stm32f10x_tim.o(i.TIM_OC1Init), (152 bytes).
    Removing stm32f10x_tim.o(i.TIM_OC1NPolarityConfig), (18 bytes).
    Removing stm32f10x_tim.o(i.TIM_OC1PolarityConfig), (18 bytes).
    Removing stm32f10x_tim.o(i.TIM_OC1PreloadConfig), (18 bytes).
    Removing stm32f10x_tim.o(i.TIM_OC2FastConfig), (26 bytes).
    Removing stm32f10x_tim.o(i.TIM_OC2Init), (164 bytes).
    Removing stm32f10x_tim.o(i.TIM_OC2NPolarityConfig), (26 bytes).
    Removing stm32f10x_tim.o(i.TIM_OC2PolarityConfig), (26 bytes).
    Removing stm32f10x_tim.o(i.TIM_OC2PreloadConfig), (26 bytes).
    Removing stm32f10x_tim.o(i.TIM_OC3FastConfig), (18 bytes).
    Removing stm32f10x_tim.o(i.TIM_OC3Init), (160 bytes).
    Removing stm32f10x_tim.o(i.TIM_OC3NPolarityConfig), (26 bytes).
    Removing stm32f10x_tim.o(i.TIM_OC3PolarityConfig), (26 bytes).
    Removing stm32f10x_tim.o(i.TIM_OC3PreloadConfig), (18 bytes).
    Removing stm32f10x_tim.o(i.TIM_OC4FastConfig), (26 bytes).
    Removing stm32f10x_tim.o(i.TIM_OC4Init), (124 bytes).
    Removing stm32f10x_tim.o(i.TIM_OC4PolarityConfig), (26 bytes).
    Removing stm32f10x_tim.o(i.TIM_OC4PreloadConfig), (26 bytes).
    Removing stm32f10x_tim.o(i.TIM_OCStructInit), (20 bytes).
    Removing stm32f10x_tim.o(i.TIM_PWMIConfig), (124 bytes).
    Removing stm32f10x_tim.o(i.TIM_PrescalerConfig), (6 bytes).
    Removing stm32f10x_tim.o(i.TIM_SelectCCDMA), (24 bytes).
    Removing stm32f10x_tim.o(i.TIM_SelectCOM), (24 bytes).
    Removing stm32f10x_tim.o(i.TIM_SelectHallSensor), (24 bytes).
    Removing stm32f10x_tim.o(i.TIM_SelectInputTrigger), (18 bytes).
    Removing stm32f10x_tim.o(i.TIM_SelectMasterSlaveMode), (18 bytes).
    Removing stm32f10x_tim.o(i.TIM_SelectOCxM), (82 bytes).
    Removing stm32f10x_tim.o(i.TIM_SelectOnePulseMode), (18 bytes).
    Removing stm32f10x_tim.o(i.TIM_SelectOutputTrigger), (18 bytes).
    Removing stm32f10x_tim.o(i.TIM_SelectSlaveMode), (18 bytes).
    Removing stm32f10x_tim.o(i.TIM_SetAutoreload), (4 bytes).
    Removing stm32f10x_tim.o(i.TIM_SetClockDivision), (18 bytes).
    Removing stm32f10x_tim.o(i.TIM_SetCompare1), (4 bytes).
    Removing stm32f10x_tim.o(i.TIM_SetCompare2), (4 bytes).
    Removing stm32f10x_tim.o(i.TIM_SetCompare3), (4 bytes).
    Removing stm32f10x_tim.o(i.TIM_SetCompare4), (6 bytes).
    Removing stm32f10x_tim.o(i.TIM_SetCounter), (4 bytes).
    Removing stm32f10x_tim.o(i.TIM_SetIC1Prescaler), (18 bytes).
    Removing stm32f10x_tim.o(i.TIM_SetIC2Prescaler), (26 bytes).
    Removing stm32f10x_tim.o(i.TIM_SetIC3Prescaler), (18 bytes).
    Removing stm32f10x_tim.o(i.TIM_SetIC4Prescaler), (26 bytes).
    Removing stm32f10x_tim.o(i.TIM_TIxExternalClockConfig), (62 bytes).
    Removing stm32f10x_tim.o(i.TIM_TimeBaseInit), (164 bytes).
    Removing stm32f10x_tim.o(i.TIM_TimeBaseStructInit), (18 bytes).
    Removing stm32f10x_tim.o(i.TIM_UpdateDisableConfig), (24 bytes).
    Removing stm32f10x_tim.o(i.TIM_UpdateRequestConfig), (24 bytes).
    Removing stm32f10x_usart.o(i.USART_ClearFlag), (18 bytes).
    Removing stm32f10x_usart.o(i.USART_ClearITPendingBit), (30 bytes).
    Removing stm32f10x_usart.o(i.USART_ClockInit), (34 bytes).
    Removing stm32f10x_usart.o(i.USART_ClockStructInit), (12 bytes).
    Removing stm32f10x_usart.o(i.USART_DMACmd), (18 bytes).
    Removing stm32f10x_usart.o(i.USART_DeInit), (156 bytes).
    Removing stm32f10x_usart.o(i.USART_GetFlagStatus), (26 bytes).
    Removing stm32f10x_usart.o(i.USART_GetITStatus), (84 bytes).
    Removing stm32f10x_usart.o(i.USART_HalfDuplexCmd), (24 bytes).
    Removing stm32f10x_usart.o(i.USART_ITConfig), (74 bytes).
    Removing stm32f10x_usart.o(i.USART_IrDACmd), (24 bytes).
    Removing stm32f10x_usart.o(i.USART_IrDAConfig), (18 bytes).
    Removing stm32f10x_usart.o(i.USART_LINBreakDetectLengthConfig), (18 bytes).
    Removing stm32f10x_usart.o(i.USART_LINCmd), (24 bytes).
    Removing stm32f10x_usart.o(i.USART_OneBitMethodCmd), (24 bytes).
    Removing stm32f10x_usart.o(i.USART_OverSampling8Cmd), (22 bytes).
    Removing stm32f10x_usart.o(i.USART_ReceiveData), (10 bytes).
    Removing stm32f10x_usart.o(i.USART_ReceiverWakeUpCmd), (24 bytes).
    Removing stm32f10x_usart.o(i.USART_SendBreak), (10 bytes).
    Removing stm32f10x_usart.o(i.USART_SendData), (8 bytes).
    Removing stm32f10x_usart.o(i.USART_SetAddress), (18 bytes).
    Removing stm32f10x_usart.o(i.USART_SetGuardTime), (16 bytes).
    Removing stm32f10x_usart.o(i.USART_SetPrescaler), (16 bytes).
    Removing stm32f10x_usart.o(i.USART_SmartCardCmd), (24 bytes).
    Removing stm32f10x_usart.o(i.USART_SmartCardNACKCmd), (24 bytes).
    Removing stm32f10x_usart.o(i.USART_StructInit), (24 bytes).
    Removing stm32f10x_usart.o(i.USART_WakeUpConfig), (18 bytes).
    Removing stm32f10x_wwdg.o(i.WWDG_ClearFlag), (12 bytes).
    Removing stm32f10x_wwdg.o(i.WWDG_DeInit), (22 bytes).
    Removing stm32f10x_wwdg.o(i.WWDG_Enable), (16 bytes).
    Removing stm32f10x_wwdg.o(i.WWDG_EnableIT), (12 bytes).
    Removing stm32f10x_wwdg.o(i.WWDG_GetFlagStatus), (12 bytes).
    Removing stm32f10x_wwdg.o(i.WWDG_SetCounter), (16 bytes).
    Removing stm32f10x_wwdg.o(i.WWDG_SetPrescaler), (24 bytes).
    Removing stm32f10x_wwdg.o(i.WWDG_SetWindowValue), (40 bytes).
    Removing bsp.o(i.UnableJTAG), (44 bytes).
    Removing com.o(i.__io_putchar), (32 bytes).
    Removing bsp_int.o(i.BSP_IntClr), (2 bytes).
    Removing bsp_int.o(i.BSP_IntDis), (20 bytes).
    Removing bsp_int.o(i.BSP_IntDisAll), (8 bytes).
    Removing bsp_int.o(i.BSP_IntEn), (20 bytes).
    Removing bsp_int.o(i.BSP_IntHandler), (56 bytes).
    Removing bsp_int.o(i.BSP_IntHandlerADC1_2), (10 bytes).
    Removing bsp_int.o(i.BSP_IntHandlerCAN_RX1), (10 bytes).
    Removing bsp_int.o(i.BSP_IntHandlerCAN_SCE), (10 bytes).
    Removing bsp_int.o(i.BSP_IntHandlerDMA1_CH1), (10 bytes).
    Removing bsp_int.o(i.BSP_IntHandlerDMA1_CH2), (10 bytes).
    Removing bsp_int.o(i.BSP_IntHandlerDMA1_CH3), (10 bytes).
    Removing bsp_int.o(i.BSP_IntHandlerDMA1_CH4), (10 bytes).
    Removing bsp_int.o(i.BSP_IntHandlerDMA1_CH5), (10 bytes).
    Removing bsp_int.o(i.BSP_IntHandlerDMA1_CH6), (10 bytes).
    Removing bsp_int.o(i.BSP_IntHandlerDMA1_CH7), (10 bytes).
    Removing bsp_int.o(i.BSP_IntHandlerDummy), (2 bytes).
    Removing bsp_int.o(i.BSP_IntHandlerEXTI0), (10 bytes).
    Removing bsp_int.o(i.BSP_IntHandlerEXTI1), (10 bytes).
    Removing bsp_int.o(i.BSP_IntHandlerEXTI15_10), (10 bytes).
    Removing bsp_int.o(i.BSP_IntHandlerEXTI2), (10 bytes).
    Removing bsp_int.o(i.BSP_IntHandlerEXTI3), (10 bytes).
    Removing bsp_int.o(i.BSP_IntHandlerEXTI4), (10 bytes).
    Removing bsp_int.o(i.BSP_IntHandlerEXTI9_5), (10 bytes).
    Removing bsp_int.o(i.BSP_IntHandlerFLASH), (10 bytes).
    Removing bsp_int.o(i.BSP_IntHandlerI2C1_ER), (10 bytes).
    Removing bsp_int.o(i.BSP_IntHandlerI2C1_EV), (10 bytes).
    Removing bsp_int.o(i.BSP_IntHandlerI2C2_ER), (10 bytes).
    Removing bsp_int.o(i.BSP_IntHandlerI2C2_EV), (10 bytes).
    Removing bsp_int.o(i.BSP_IntHandlerPVD), (10 bytes).
    Removing bsp_int.o(i.BSP_IntHandlerRCC), (10 bytes).
    Removing bsp_int.o(i.BSP_IntHandlerRTC), (10 bytes).
    Removing bsp_int.o(i.BSP_IntHandlerRTCAlarm), (10 bytes).
    Removing bsp_int.o(i.BSP_IntHandlerSPI1), (10 bytes).
    Removing bsp_int.o(i.BSP_IntHandlerSPI2), (10 bytes).
    Removing bsp_int.o(i.BSP_IntHandlerTAMPER), (10 bytes).
    Removing bsp_int.o(i.BSP_IntHandlerTIM1_BRK), (10 bytes).
    Removing bsp_int.o(i.BSP_IntHandlerTIM1_CC), (10 bytes).
    Removing bsp_int.o(i.BSP_IntHandlerTIM1_TRG_COM), (10 bytes).
    Removing bsp_int.o(i.BSP_IntHandlerTIM1_UP), (10 bytes).
    Removing bsp_int.o(i.BSP_IntHandlerTIM2), (10 bytes).
    Removing bsp_int.o(i.BSP_IntHandlerTIM3), (10 bytes).
    Removing bsp_int.o(i.BSP_IntHandlerTIM4), (10 bytes).
    Removing bsp_int.o(i.BSP_IntHandlerUSART1), (10 bytes).
    Removing bsp_int.o(i.BSP_IntHandlerUSART2), (10 bytes).
    Removing bsp_int.o(i.BSP_IntHandlerUSART3), (10 bytes).
    Removing bsp_int.o(i.BSP_IntHandlerUSBWakeUp), (10 bytes).
    Removing bsp_int.o(i.BSP_IntHandlerUSB_HP_CAN_TX), (10 bytes).
    Removing bsp_int.o(i.BSP_IntHandlerUSB_LP_CAN_RX0), (10 bytes).
    Removing bsp_int.o(i.BSP_IntHandlerWWDG), (10 bytes).
    Removing bsp_int.o(i.BSP_IntInit), (28 bytes).
    Removing bsp_int.o(i.BSP_IntPrioSet), (36 bytes).
    Removing bsp_int.o(i.BSP_IntVectSet), (36 bytes).
    Removing bsp_int.o(.bss), (168 bytes).
    Removing lcd.o(i.LCD_ClearLine), (40 bytes).
    Removing lcd.o(i.LCD_DisplayOff), (12 bytes).
    Removing lcd.o(i.LCD_DisplayOn), (14 bytes).
    Removing lcd.o(i.LCD_DrawCircle), (256 bytes).
    Removing lcd.o(i.LCD_DrawLine), (92 bytes).
    Removing lcd.o(i.LCD_DrawMonoPict), (84 bytes).
    Removing lcd.o(i.LCD_DrawPicture), (48 bytes).
    Removing lcd.o(i.LCD_DrawRect), (66 bytes).
    Removing lcd.o(i.LCD_PowerOn), (118 bytes).
    Removing lcd.o(i.LCD_ReadRAM), (92 bytes).
    Removing lcd.o(i.LCD_SetDisplayWindow), (88 bytes).
    Removing lcd.o(i.LCD_WindowModeDisable), (28 bytes).
    Removing lcd.o(i.LCD_WriteBMP), (74 bytes).
    Removing app.o(i.App_TaskDelHook), (2 bytes).
    Removing cpu_c.o(i.CPU_BitBandClr), (68 bytes).
    Removing cpu_c.o(i.CPU_BitBandSet), (68 bytes).
    Removing cpu_c.o(i.CPU_IntSrcDis), (248 bytes).
    Removing cpu_c.o(i.CPU_IntSrcEn), (248 bytes).
    Removing cpu_c.o(i.CPU_IntSrcPrioGet), (332 bytes).
    Removing cpu_c.o(i.CPU_IntSrcPrioSet), (380 bytes).
    Removing lib_mem.o(i.Mem_Clr), (18 bytes).
    Removing lib_mem.o(i.Mem_Cmp), (196 bytes).
    Removing lib_mem.o(i.Mem_Init), (2 bytes).
    Removing lib_mem.o(i.Mem_Set), (110 bytes).
    Removing lib_str.o(i.Str_Cat), (72 bytes).
    Removing lib_str.o(i.Str_Cat_N), (84 bytes).
    Removing lib_str.o(i.Str_Char), (44 bytes).
    Removing lib_str.o(i.Str_Char_Last), (52 bytes).
    Removing lib_str.o(i.Str_Char_N), (60 bytes).
    Removing lib_str.o(i.Str_Cmp), (108 bytes).
    Removing lib_str.o(i.Str_Cmp_N), (138 bytes).
    Removing lib_str.o(i.Str_Copy), (52 bytes).
    Removing lib_str.o(i.Str_Copy_N), (66 bytes).
    Removing lib_str.o(i.Str_Len), (20 bytes).
    Removing lib_str.o(i.Str_Str), (132 bytes).
    Removing lib_mem_a.o(.text), (544 bytes).
    Removing os_cpu_c.o(i.OSTaskDelHook), (12 bytes).
    Removing os_dbg.o(.constdata), (2 bytes).
    Removing os_core.o(i.OSEventNameGet), (104 bytes).
    Removing os_core.o(i.OSEventNameSet), (124 bytes).
    Removing os_core.o(i.OSEventPendMulti), (600 bytes).
    Removing os_core.o(i.OSIntEnter), (36 bytes).
    Removing os_core.o(i.OSSchedLock), (64 bytes).
    Removing os_core.o(i.OSSchedUnlock), (96 bytes).
    Removing os_core.o(i.OS_Dummy), (2 bytes).
    Removing os_core.o(i.OS_EventTaskRdy), (144 bytes).
    Removing os_core.o(i.OS_EventTaskRemove), (42 bytes).
    Removing os_core.o(i.OS_EventTaskRemoveMulti), (58 bytes).
    Removing os_core.o(i.OS_EventTaskWait), (124 bytes).
    Removing os_core.o(i.OS_EventTaskWaitMulti), (148 bytes).
    Removing os_core.o(i.OS_EventWaitListInit), (28 bytes).
    Removing os_core.o(i.OS_MemCopy), (20 bytes).
    Removing os_flag.o(i.OSFlagAccept), (252 bytes).
    Removing os_flag.o(i.OSFlagCreate), (100 bytes).
    Removing os_flag.o(i.OSFlagDel), (232 bytes).
    Removing os_flag.o(i.OSFlagNameGet), (88 bytes).
    Removing os_flag.o(i.OSFlagNameSet), (108 bytes).
    Removing os_flag.o(i.OSFlagPend), (600 bytes).
    Removing os_flag.o(i.OSFlagPendGetFlagsRdy), (32 bytes).
    Removing os_flag.o(i.OSFlagPost), (312 bytes).
    Removing os_flag.o(i.OSFlagQuery), (48 bytes).
    Removing os_flag.o(i.OS_FlagBlock), (164 bytes).
    Removing os_flag.o(i.OS_FlagTaskRdy), (92 bytes).
    Removing os_flag.o(i.OS_FlagUnlink), (36 bytes).
    Removing os_mbox.o(i.OSMboxAccept), (38 bytes).
    Removing os_mbox.o(i.OSMboxCreate), (88 bytes).
    Removing os_mbox.o(i.OSMboxDel), (228 bytes).
    Removing os_mbox.o(i.OSMboxPend), (268 bytes).
    Removing os_mbox.o(i.OSMboxPendAbort), (128 bytes).
    Removing os_mbox.o(i.OSMboxPost), (80 bytes).
    Removing os_mbox.o(i.OSMboxPostOpt), (120 bytes).
    Removing os_mbox.o(i.OSMboxQuery), (76 bytes).
    Removing os_sem.o(i.OSSemAccept), (44 bytes).
    Removing os_sem.o(i.OSSemCreate), (88 bytes).
    Removing os_sem.o(i.OSSemDel), (228 bytes).
    Removing os_sem.o(i.OSSemPend), (248 bytes).
    Removing os_sem.o(i.OSSemPendAbort), (128 bytes).
    Removing os_sem.o(i.OSSemPost), (88 bytes).
    Removing os_sem.o(i.OSSemQuery), (82 bytes).
    Removing os_sem.o(i.OSSemSet), (68 bytes).
    Removing os_task.o(i.OSTaskChangePrio), (416 bytes).
    Removing os_task.o(i.OSTaskDel), (360 bytes).
    Removing os_task.o(i.OSTaskDelReq), (108 bytes).
    Removing os_task.o(i.OSTaskNameGet), (128 bytes).
    Removing os_task.o(i.OSTaskQuery), (92 bytes).
    Removing os_task.o(i.OSTaskResume), (172 bytes).
    Removing os_time.o(i.OSTimeDlyResume), (180 bytes).
    Removing os_time.o(i.OSTimeGet), (28 bytes).
    Removing dadd.o(.text), (334 bytes).
    Removing dmul.o(.text), (228 bytes).
    Removing ddiv.o(.text), (222 bytes).
    Removing dfixul.o(.text), (48 bytes).
    Removing cdrcmple.o(.text), (48 bytes).
    Removing depilogue.o(.text), (186 bytes).

616 unused section(s) (total 32250 bytes) removed from the image.

==============================================================================

Image Symbol Table

    Local Symbols

    Symbol Name                              Value     Ov Type        Size  Object(Section)

    ../clib/microlib/division.c              0x00000000   Number         0  uldiv.o ABSOLUTE
    ../clib/microlib/division.c              0x00000000   Number         0  uidiv.o ABSOLUTE
    ../clib/microlib/init/entry.s            0x00000000   Number         0  entry11b.o ABSOLUTE
    ../clib/microlib/init/entry.s            0x00000000   Number         0  entry7a.o ABSOLUTE
    ../clib/microlib/init/entry.s            0x00000000   Number         0  entry.o ABSOLUTE
    ../clib/microlib/init/entry.s            0x00000000   Number         0  entry9b.o ABSOLUTE
    ../clib/microlib/init/entry.s            0x00000000   Number         0  entry10b.o ABSOLUTE
    ../clib/microlib/init/entry.s            0x00000000   Number         0  entry9a.o ABSOLUTE
    ../clib/microlib/init/entry.s            0x00000000   Number         0  entry2.o ABSOLUTE
    ../clib/microlib/init/entry.s            0x00000000   Number         0  entry10a.o ABSOLUTE
    ../clib/microlib/init/entry.s            0x00000000   Number         0  entry8b.o ABSOLUTE
    ../clib/microlib/init/entry.s            0x00000000   Number         0  entry11a.o ABSOLUTE
    ../clib/microlib/init/entry.s            0x00000000   Number         0  entry8a.o ABSOLUTE
    ../clib/microlib/init/entry.s            0x00000000   Number         0  entry7b.o ABSOLUTE
    ../clib/microlib/init/entry.s            0x00000000   Number         0  entry5.o ABSOLUTE
    ../clib/microlib/longlong.c              0x00000000   Number         0  llushr.o ABSOLUTE
    ../clib/microlib/longlong.c              0x00000000   Number         0  llsshr.o ABSOLUTE
    ../clib/microlib/longlong.c              0x00000000   Number         0  llshl.o ABSOLUTE
    ../clib/microlib/printf/printf.c         0x00000000   Number         0  printf8.o ABSOLUTE
    ../clib/microlib/printf/printf.c         0x00000000   Number         0  printfa.o ABSOLUTE
    ../clib/microlib/printf/printf.c         0x00000000   Number         0  printf6.o ABSOLUTE
    ../clib/microlib/printf/printf.c         0x00000000   Number         0  printfb.o ABSOLUTE
    ../clib/microlib/printf/printf.c         0x00000000   Number         0  printf0.o ABSOLUTE
    ../clib/microlib/printf/printf.c         0x00000000   Number         0  printf1.o ABSOLUTE
    ../clib/microlib/printf/printf.c         0x00000000   Number         0  printf7.o ABSOLUTE
    ../clib/microlib/printf/printf.c         0x00000000   Number         0  printf2.o ABSOLUTE
    ../clib/microlib/printf/printf.c         0x00000000   Number         0  printf3.o ABSOLUTE
    ../clib/microlib/printf/printf.c         0x00000000   Number         0  printf4.o ABSOLUTE
    ../clib/microlib/printf/printf.c         0x00000000   Number         0  printf5.o ABSOLUTE
    ../clib/microlib/printf/stubs.s          0x00000000   Number         0  stubs.o ABSOLUTE
    ../clib/microlib/stdio/streams.c         0x00000000   Number         0  stdout.o ABSOLUTE
    ../clib/microlib/stubs.s                 0x00000000   Number         0  iusefp.o ABSOLUTE
    ../fplib/microlib/fpadd.c                0x00000000   Number         0  dadd.o ABSOLUTE
    ../fplib/microlib/fpdiv.c                0x00000000   Number         0  ddiv.o ABSOLUTE
    ../fplib/microlib/fpepilogue.c           0x00000000   Number         0  depilogue.o ABSOLUTE
    ../fplib/microlib/fpfix.c                0x00000000   Number         0  dfixul.o ABSOLUTE
    ../fplib/microlib/fpmul.c                0x00000000   Number         0  dmul.o ABSOLUTE
    ..\CMSIS\CM3\CoreSupport\core_cm3.c      0x00000000   Number         0  core_cm3.o ABSOLUTE
    ..\CMSIS\CM3\DeviceSupport\ST\STM32F10x\startup\arm\startup_stm32f10x_md.s 0x00000000   Number         0  startup_stm32f10x_md.o ABSOLUTE
    ..\CMSIS\CM3\DeviceSupport\ST\STM32F10x\system_stm32f10x.c 0x00000000   Number         0  system_stm32f10x.o ABSOLUTE
    ..\STM32F10x_StdPeriph_Driver\src\misc.c 0x00000000   Number         0  misc.o ABSOLUTE
    ..\STM32F10x_StdPeriph_Driver\src\stm32f10x_adc.c 0x00000000   Number         0  stm32f10x_adc.o ABSOLUTE
    ..\STM32F10x_StdPeriph_Driver\src\stm32f10x_bkp.c 0x00000000   Number         0  stm32f10x_bkp.o ABSOLUTE
    ..\STM32F10x_StdPeriph_Driver\src\stm32f10x_can.c 0x00000000   Number         0  stm32f10x_can.o ABSOLUTE
    ..\STM32F10x_StdPeriph_Driver\src\stm32f10x_cec.c 0x00000000   Number         0  stm32f10x_cec.o ABSOLUTE
    ..\STM32F10x_StdPeriph_Driver\src\stm32f10x_crc.c 0x00000000   Number         0  stm32f10x_crc.o ABSOLUTE
    ..\STM32F10x_StdPeriph_Driver\src\stm32f10x_dac.c 0x00000000   Number         0  stm32f10x_dac.o ABSOLUTE
    ..\STM32F10x_StdPeriph_Driver\src\stm32f10x_dbgmcu.c 0x00000000   Number         0  stm32f10x_dbgmcu.o ABSOLUTE
    ..\STM32F10x_StdPeriph_Driver\src\stm32f10x_dma.c 0x00000000   Number         0  stm32f10x_dma.o ABSOLUTE
    ..\STM32F10x_StdPeriph_Driver\src\stm32f10x_exti.c 0x00000000   Number         0  stm32f10x_exti.o ABSOLUTE
    ..\STM32F10x_StdPeriph_Driver\src\stm32f10x_flash.c 0x00000000   Number         0  stm32f10x_flash.o ABSOLUTE
    ..\STM32F10x_StdPeriph_Driver\src\stm32f10x_fsmc.c 0x00000000   Number         0  stm32f10x_fsmc.o ABSOLUTE
    ..\STM32F10x_StdPeriph_Driver\src\stm32f10x_gpio.c 0x00000000   Number         0  stm32f10x_gpio.o ABSOLUTE
    ..\STM32F10x_StdPeriph_Driver\src\stm32f10x_i2c.c 0x00000000   Number         0  stm32f10x_i2c.o ABSOLUTE
    ..\STM32F10x_StdPeriph_Driver\src\stm32f10x_iwdg.c 0x00000000   Number         0  stm32f10x_iwdg.o ABSOLUTE
    ..\STM32F10x_StdPeriph_Driver\src\stm32f10x_pwr.c 0x00000000   Number         0  stm32f10x_pwr.o ABSOLUTE
    ..\STM32F10x_StdPeriph_Driver\src\stm32f10x_rcc.c 0x00000000   Number         0  stm32f10x_rcc.o ABSOLUTE
    ..\STM32F10x_StdPeriph_Driver\src\stm32f10x_rtc.c 0x00000000   Number         0  stm32f10x_rtc.o ABSOLUTE
    ..\STM32F10x_StdPeriph_Driver\src\stm32f10x_sdio.c 0x00000000   Number         0  stm32f10x_sdio.o ABSOLUTE
    ..\STM32F10x_StdPeriph_Driver\src\stm32f10x_spi.c 0x00000000   Number         0  stm32f10x_spi.o ABSOLUTE
    ..\STM32F10x_StdPeriph_Driver\src\stm32f10x_tim.c 0x00000000   Number         0  stm32f10x_tim.o ABSOLUTE
    ..\STM32F10x_StdPeriph_Driver\src\stm32f10x_usart.c 0x00000000   Number         0  stm32f10x_usart.o ABSOLUTE
    ..\STM32F10x_StdPeriph_Driver\src\stm32f10x_wwdg.c 0x00000000   Number         0  stm32f10x_wwdg.o ABSOLUTE
    ..\\CMSIS\\CM3\\CoreSupport\\core_cm3.c  0x00000000   Number         0  core_cm3.o ABSOLUTE
    ..\app\app.c                             0x00000000   Number         0  app.o ABSOLUTE
    ..\app\stm32f10x_it.c                    0x00000000   Number         0  stm32f10x_it.o ABSOLUTE
    ..\bsp\Com.c                             0x00000000   Number         0  com.o ABSOLUTE
    ..\bsp\bsp.c                             0x00000000   Number         0  bsp.o ABSOLUTE
    ..\bsp\bsp_int.c                         0x00000000   Number         0  bsp_int.o ABSOLUTE
    ..\bsp\lcd.c                             0x00000000   Number         0  lcd.o ABSOLUTE
    ..\bsp\usart.c                           0x00000000   Number         0  usart.o ABSOLUTE
    ..\uC-CPU\ARM-Cortex-M3\cpu_a.asm        0x00000000   Number         0  cpu_a.o ABSOLUTE
    ..\uC-CPU\ARM-Cortex-M3\cpu_c.c          0x00000000   Number         0  cpu_c.o ABSOLUTE
    ..\uC-LIB\Ports\lib_mem_a.asm            0x00000000   Number         0  lib_mem_a.o ABSOLUTE
    ..\uC-LIB\lib_mem.c                      0x00000000   Number         0  lib_mem.o ABSOLUTE
    ..\uC-LIB\lib_str.c                      0x00000000   Number         0  lib_str.o ABSOLUTE
    ..\uCOS-II\Ports\os_cpu_a.asm            0x00000000   Number         0  os_cpu_a.o ABSOLUTE
    ..\uCOS-II\Ports\os_cpu_c.c              0x00000000   Number         0  os_cpu_c.o ABSOLUTE
    ..\uCOS-II\Ports\os_dbg.c                0x00000000   Number         0  os_dbg.o ABSOLUTE
    ..\uCOS-II\Source\os_core.c              0x00000000   Number         0  os_core.o ABSOLUTE
    ..\uCOS-II\Source\os_flag.c              0x00000000   Number         0  os_flag.o ABSOLUTE
    ..\uCOS-II\Source\os_mbox.c              0x00000000   Number         0  os_mbox.o ABSOLUTE
    ..\uCOS-II\Source\os_mem.c               0x00000000   Number         0  os_mem.o ABSOLUTE
    ..\uCOS-II\Source\os_mutex.c             0x00000000   Number         0  os_mutex.o ABSOLUTE
    ..\uCOS-II\Source\os_q.c                 0x00000000   Number         0  os_q.o ABSOLUTE
    ..\uCOS-II\Source\os_sem.c               0x00000000   Number         0  os_sem.o ABSOLUTE
    ..\uCOS-II\Source\os_task.c              0x00000000   Number         0  os_task.o ABSOLUTE
    ..\uCOS-II\Source\os_time.c              0x00000000   Number         0  os_time.o ABSOLUTE
    ..\uCOS-II\Source\os_tmr.c               0x00000000   Number         0  os_tmr.o ABSOLUTE
    cdrcmple.s                               0x00000000   Number         0  cdrcmple.o ABSOLUTE
    dc.s                                     0x00000000   Number         0  dc.o ABSOLUTE
    handlers.s                               0x00000000   Number         0  handlers.o ABSOLUTE
    init.s                                   0x00000000   Number         0  init.o ABSOLUTE
    RESET                                    0x08000000   Section      236  startup_stm32f10x_md.o(RESET)
    .ARM.Collect$$$$00000000                 0x080000ec   Section        0  entry.o(.ARM.Collect$$$$00000000)
    .ARM.Collect$$$$00000001                 0x080000ec   Section        4  entry2.o(.ARM.Collect$$$$00000001)
    .ARM.Collect$$$$00000004                 0x080000f0   Section        4  entry5.o(.ARM.Collect$$$$00000004)
    .ARM.Collect$$$$00000008                 0x080000f4   Section        0  entry7b.o(.ARM.Collect$$$$00000008)
    .ARM.Collect$$$$0000000A                 0x080000f4   Section        0  entry8b.o(.ARM.Collect$$$$0000000A)
    .ARM.Collect$$$$0000000B                 0x080000f4   Section        8  entry9a.o(.ARM.Collect$$$$0000000B)
    .ARM.Collect$$$$0000000D                 0x080000fc   Section        0  entry10a.o(.ARM.Collect$$$$0000000D)
    .ARM.Collect$$$$0000000F                 0x080000fc   Section        0  entry11a.o(.ARM.Collect$$$$0000000F)
    .ARM.Collect$$$$00002712                 0x080000fc   Section        4  entry2.o(.ARM.Collect$$$$00002712)
    __lit__00000000                          0x080000fc   Data           4  entry2.o(.ARM.Collect$$$$00002712)
    .text                                    0x08000100   Section       36  startup_stm32f10x_md.o(.text)
    .text                                    0x08000124   Section       42  cpu_a.o(.text)
    .text                                    0x08000150   Section      164  os_cpu_a.o(.text)
    .text                                    0x080001f4   Section        0  uldiv.o(.text)
    .text                                    0x08000258   Section       36  init.o(.text)
    .text                                    0x0800027c   Section        0  llshl.o(.text)
    .text                                    0x0800029a   Section        0  llushr.o(.text)
    i.App_DispScr_SignOn                     0x080002bc   Section        0  app.o(i.App_DispScr_SignOn)
    App_DispScr_SignOn                       0x080002bd   Thumb Code   130  app.o(i.App_DispScr_SignOn)
    i.App_TCBInitHook                        0x08000410   Section        0  app.o(i.App_TCBInitHook)
    i.App_TaskCreateHook                     0x08000412   Section        0  app.o(i.App_TaskCreateHook)
    i.App_TaskIdleHook                       0x08000414   Section        0  app.o(i.App_TaskIdleHook)
    i.App_TaskStart                          0x08000418   Section        0  app.o(i.App_TaskStart)
    App_TaskStart                            0x08000419   Thumb Code   268  app.o(i.App_TaskStart)
    i.App_TaskStatHook                       0x08000684   Section        0  app.o(i.App_TaskStatHook)
    i.App_TaskSwHook                         0x08000686   Section        0  app.o(i.App_TaskSwHook)
    i.App_TaskUsre1                          0x08000688   Section        0  app.o(i.App_TaskUsre1)
    App_TaskUsre1                            0x08000689   Thumb Code    64  app.o(i.App_TaskUsre1)
    i.App_TaskUsre2                          0x080006f0   Section        0  app.o(i.App_TaskUsre2)
    App_TaskUsre2                            0x080006f1   Thumb Code    60  app.o(i.App_TaskUsre2)
    i.App_TaskUsre3                          0x08000754   Section        0  app.o(i.App_TaskUsre3)
    App_TaskUsre3                            0x08000755   Thumb Code    60  app.o(i.App_TaskUsre3)
    i.App_TaskUsre4                          0x080007b8   Section        0  app.o(i.App_TaskUsre4)
    App_TaskUsre4                            0x080007b9   Thumb Code    64  app.o(i.App_TaskUsre4)
    i.App_TaskUsre5                          0x08000820   Section        0  app.o(i.App_TaskUsre5)
    App_TaskUsre5                            0x08000821   Thumb Code    60  app.o(i.App_TaskUsre5)
    i.App_TaskUsre6                          0x08000884   Section        0  app.o(i.App_TaskUsre6)
    App_TaskUsre6                            0x08000885   Thumb Code    60  app.o(i.App_TaskUsre6)
    i.App_TaskUsre7                          0x080008e8   Section        0  app.o(i.App_TaskUsre7)
    App_TaskUsre7                            0x080008e9   Thumb Code    64  app.o(i.App_TaskUsre7)
    i.App_TaskUsre8                          0x08000950   Section        0  app.o(i.App_TaskUsre8)
    App_TaskUsre8                            0x08000951   Thumb Code    64  app.o(i.App_TaskUsre8)
    i.BSP_CPU_ClkFreq                        0x080009b8   Section        0  bsp.o(i.BSP_CPU_ClkFreq)
    i.BSP_Init                               0x080009c8   Section        0  bsp.o(i.BSP_Init)
    i.BusFault_Handler                       0x080009fc   Section        0  stm32f10x_it.o(i.BusFault_Handler)
    i.DebugMon_Handler                       0x08000a00   Section        0  stm32f10x_it.o(i.DebugMon_Handler)
    i.Delay_LCD                              0x08000a02   Section        0  lcd.o(i.Delay_LCD)
    i.GPIO_Configuration                     0x08000a20   Section        0  bsp.o(i.GPIO_Configuration)
    i.GPIO_Init                              0x08000aa0   Section        0  stm32f10x_gpio.o(i.GPIO_Init)
    i.GPIO_ResetBits                         0x08000bb6   Section        0  stm32f10x_gpio.o(i.GPIO_ResetBits)
    i.GPIO_SetBits                           0x08000bba   Section        0  stm32f10x_gpio.o(i.GPIO_SetBits)
    i.HardFault_Handler                      0x08000bbe   Section        0  stm32f10x_it.o(i.HardFault_Handler)
    i.LCD_BusIn                              0x08000bc4   Section        0  lcd.o(i.LCD_BusIn)
    i.LCD_BusOut                             0x08000be8   Section        0  lcd.o(i.LCD_BusOut)
    i.LCD_Clear                              0x08000c0c   Section        0  lcd.o(i.LCD_Clear)
    i.LCD_CtrlLinesConfig                    0x08000c34   Section        0  lcd.o(i.LCD_CtrlLinesConfig)
    i.LCD_DisplayChar                        0x08000c74   Section        0  lcd.o(i.LCD_DisplayChar)
    i.LCD_DisplayStringLine                  0x08000c9c   Section        0  lcd.o(i.LCD_DisplayStringLine)
    i.LCD_DrawChar                           0x08000cc8   Section        0  lcd.o(i.LCD_DrawChar)
    i.LCD_ReadReg                            0x08000d34   Section        0  lcd.o(i.LCD_ReadReg)
    i.LCD_SetBackColor                       0x08000d90   Section        0  lcd.o(i.LCD_SetBackColor)
    i.LCD_SetCursor                          0x08000da0   Section        0  lcd.o(i.LCD_SetCursor)
    i.LCD_SetTextColor                       0x08000db8   Section        0  lcd.o(i.LCD_SetTextColor)
    i.LCD_WriteRAM                           0x08000dc8   Section        0  lcd.o(i.LCD_WriteRAM)
    i.LCD_WriteRAM_Prepare                   0x08000dfc   Section        0  lcd.o(i.LCD_WriteRAM_Prepare)
    i.LCD_WriteReg                           0x08000e30   Section        0  lcd.o(i.LCD_WriteReg)
    i.MemManage_Handler                      0x08000e70   Section        0  stm32f10x_it.o(i.MemManage_Handler)
    i.NMI_Handler                            0x08000e74   Section        0  stm32f10x_it.o(i.NMI_Handler)
    i.NVIC_Configuration                     0x08000e76   Section        0  bsp.o(i.NVIC_Configuration)
    i.NVIC_PriorityGroupConfig               0x08000e8c   Section        0  misc.o(i.NVIC_PriorityGroupConfig)
    i.NVIC_SetVectorTable                    0x08000ea0   Section        0  misc.o(i.NVIC_SetVectorTable)
    i.OSInit                                 0x08000eb4   Section        0  os_core.o(i.OSInit)
    i.OSInitHookBegin                        0x08000edc   Section        0  os_cpu_c.o(i.OSInitHookBegin)
    i.OSInitHookEnd                          0x08000ede   Section        0  os_cpu_c.o(i.OSInitHookEnd)
    i.OSIntExit                              0x08000ee0   Section        0  os_core.o(i.OSIntExit)
    i.OSStart                                0x08000f70   Section        0  os_core.o(i.OSStart)
    i.OSStatInit                             0x08000fb8   Section        0  os_core.o(i.OSStatInit)
    i.OSTCBInitHook                          0x08001004   Section        0  os_cpu_c.o(i.OSTCBInitHook)
    i.OSTaskCreate                           0x08001010   Section        0  os_task.o(i.OSTaskCreate)
    i.OSTaskCreateExt                        0x080010b4   Section        0  os_task.o(i.OSTaskCreateExt)
    i.OSTaskCreateHook                       0x0800116c   Section        0  os_cpu_c.o(i.OSTaskCreateHook)
    i.OSTaskIdleHook                         0x08001178   Section        0  os_cpu_c.o(i.OSTaskIdleHook)
    i.OSTaskNameSet                          0x08001180   Section        0  os_task.o(i.OSTaskNameSet)
    i.OSTaskStatHook                         0x08001210   Section        0  os_cpu_c.o(i.OSTaskStatHook)
    i.OSTaskStkChk                           0x08001218   Section        0  os_task.o(i.OSTaskStkChk)
    i.OSTaskStkInit                          0x080012a4   Section        0  os_cpu_c.o(i.OSTaskStkInit)
    i.OSTaskSuspend                          0x08001340   Section        0  os_task.o(i.OSTaskSuspend)
    i.OSTaskSwHook                           0x080013e8   Section        0  os_cpu_c.o(i.OSTaskSwHook)
    i.OSTimeDly                              0x080013f0   Section        0  os_time.o(i.OSTimeDly)
    i.OSTimeDlyHMSM                          0x08001460   Section        0  os_time.o(i.OSTimeDlyHMSM)
    i.OSTimeSet                              0x080014d0   Section        0  os_time.o(i.OSTimeSet)
    i.OSTimeTick                             0x080014ec   Section        0  os_core.o(i.OSTimeTick)
    i.OSTimeTickHook                         0x080015d8   Section        0  os_cpu_c.o(i.OSTimeTickHook)
    i.OSVersion                              0x080015da   Section        0  os_core.o(i.OSVersion)
    i.OS_CPU_SysTickClkFreq                  0x080015e0   Section        0  bsp.o(i.OS_CPU_SysTickClkFreq)
    i.OS_CPU_SysTickInit                     0x080015ec   Section        0  os_cpu_c.o(i.OS_CPU_SysTickInit)
    i.OS_FlagInit                            0x08001618   Section        0  os_flag.o(i.OS_FlagInit)
    i.OS_InitEventList                       0x08001664   Section        0  os_core.o(i.OS_InitEventList)
    OS_InitEventList                         0x08001665   Thumb Code    70  os_core.o(i.OS_InitEventList)
    i.OS_InitMisc                            0x080016b4   Section        0  os_core.o(i.OS_InitMisc)
    OS_InitMisc                              0x080016b5   Thumb Code    44  os_core.o(i.OS_InitMisc)
    i.OS_InitRdyList                         0x08001708   Section        0  os_core.o(i.OS_InitRdyList)
    OS_InitRdyList                           0x08001709   Thumb Code    46  os_core.o(i.OS_InitRdyList)
    i.OS_InitTCBList                         0x08001750   Section        0  os_core.o(i.OS_InitTCBList)
    OS_InitTCBList                           0x08001751   Thumb Code    86  os_core.o(i.OS_InitTCBList)
    i.OS_InitTaskIdle                        0x080017b8   Section        0  os_core.o(i.OS_InitTaskIdle)
    OS_InitTaskIdle                          0x080017b9   Thumb Code    50  os_core.o(i.OS_InitTaskIdle)
    i.OS_InitTaskStat                        0x08001808   Section        0  os_core.o(i.OS_InitTaskStat)
    OS_InitTaskStat                          0x08001809   Thumb Code    50  os_core.o(i.OS_InitTaskStat)
    i.OS_MemClr                              0x08001858   Section        0  os_core.o(i.OS_MemClr)
    i.OS_Sched                               0x0800186c   Section        0  os_core.o(i.OS_Sched)
    i.OS_SchedNew                            0x080018e0   Section        0  os_core.o(i.OS_SchedNew)
    OS_SchedNew                              0x080018e1   Thumb Code    26  os_core.o(i.OS_SchedNew)
    i.OS_StrCopy                             0x0800190c   Section        0  os_core.o(i.OS_StrCopy)
    i.OS_StrLen                              0x08001928   Section        0  os_core.o(i.OS_StrLen)
    i.OS_TCBInit                             0x0800193c   Section        0  os_core.o(i.OS_TCBInit)
    i.OS_TaskIdle                            0x08001a5c   Section        0  os_core.o(i.OS_TaskIdle)
    i.OS_TaskStat                            0x08001a80   Section        0  os_core.o(i.OS_TaskStat)
    i.OS_TaskStatStkChk                      0x08001b08   Section        0  os_core.o(i.OS_TaskStatStkChk)
    i.OS_TaskStkClr                          0x08001b44   Section        0  os_task.o(i.OS_TaskStkClr)
    i.RCC_APB2PeriphClockCmd                 0x08001b60   Section        0  stm32f10x_rcc.o(i.RCC_APB2PeriphClockCmd)
    i.RCC_Configuration                      0x08001b80   Section        0  bsp.o(i.RCC_Configuration)
    RCC_Configuration                        0x08001b81   Thumb Code    20  bsp.o(i.RCC_Configuration)
    i.RCC_GetClocksFreq                      0x08001b94   Section        0  stm32f10x_rcc.o(i.RCC_GetClocksFreq)
    i.REG_8230_Init                          0x08001c68   Section        0  lcd.o(i.REG_8230_Init)
    i.REG_932X_Init                          0x08001d88   Section        0  lcd.o(i.REG_932X_Init)
    i.STM3210B_LCD_Init                      0x08001f8c   Section        0  lcd.o(i.STM3210B_LCD_Init)
    i.SVC_Handler                            0x08001fc4   Section        0  stm32f10x_it.o(i.SVC_Handler)
    i.SetSysClock                            0x08001fc6   Section        0  system_stm32f10x.o(i.SetSysClock)
    SetSysClock                              0x08001fc7   Thumb Code     8  system_stm32f10x.o(i.SetSysClock)
    i.SetSysClockTo72                        0x08001fd0   Section        0  system_stm32f10x.o(i.SetSysClockTo72)
    SetSysClockTo72                          0x08001fd1   Thumb Code   214  system_stm32f10x.o(i.SetSysClockTo72)
    i.SysTick_Handler                        0x080020b0   Section        0  os_cpu_c.o(i.SysTick_Handler)
    i.SystemInit                             0x080020d8   Section        0  system_stm32f10x.o(i.SystemInit)
    i.USART1_InitConfig                      0x08002138   Section        0  com.o(i.USART1_InitConfig)
    i.USART_Cmd                              0x0800216c   Section        0  stm32f10x_usart.o(i.USART_Cmd)
    i.USART_Init                             0x08002184   Section        0  stm32f10x_usart.o(i.USART_Init)
    i.UsageFault_Handler                     0x0800225c   Section        0  stm32f10x_it.o(i.UsageFault_Handler)
    i.__0printf$4                            0x08002260   Section        0  printf4.o(i.__0printf$4)
    i.__scatterload_copy                     0x08002280   Section       14  handlers.o(i.__scatterload_copy)
    i.__scatterload_null                     0x0800228e   Section        2  handlers.o(i.__scatterload_null)
    i.__scatterload_zeroinit                 0x08002290   Section       14  handlers.o(i.__scatterload_zeroinit)
    i._printf_core                           0x080022a0   Section        0  printf4.o(i._printf_core)
    _printf_core                             0x080022a1   Thumb Code   552  printf4.o(i._printf_core)
    i.fputc                                  0x080024cc   Section        0  usart.o(i.fputc)
    i.main                                   0x080024ec   Section        0  app.o(i.main)
    .constdata                               0x08002588   Section     4560  lcd.o(.constdata)
    .constdata                               0x08003758   Section      256  os_core.o(.constdata)
    .data                                    0x20000000   Section       20  stm32f10x_rcc.o(.data)
    APBAHBPrescTable                         0x20000000   Data          16  stm32f10x_rcc.o(.data)
    ADCPrescTable                            0x20000010   Data           4  stm32f10x_rcc.o(.data)
    .data                                    0x20000014   Section        6  lcd.o(.data)
    TextColor                                0x20000014   Data           2  lcd.o(.data)
    BackColor                                0x20000016   Data           2  lcd.o(.data)
    .data                                    0x2000001c   Section       64  os_core.o(.data)
    .data                                    0x2000005c   Section        4  stdout.o(.data)
    .bss                                     0x20000060   Section     4608  app.o(.bss)
    App_TaskStartStk                         0x20000060   Data         512  app.o(.bss)
    App_TaskUser1Stk                         0x20000260   Data         512  app.o(.bss)
    App_TaskUser2Stk                         0x20000460   Data         512  app.o(.bss)
    App_TaskUser3Stk                         0x20000660   Data         512  app.o(.bss)
    App_TaskUser4Stk                         0x20000860   Data         512  app.o(.bss)
    App_TaskUser5Stk                         0x20000a60   Data         512  app.o(.bss)
    App_TaskUser6Stk                         0x20000c60   Data         512  app.o(.bss)
    App_TaskUser7Stk                         0x20000e60   Data         512  app.o(.bss)
    App_TaskUser8Stk                         0x20001060   Data         512  app.o(.bss)
    .bss                                     0x20001260   Section     2716  os_core.o(.bss)
    STACK                                    0x20001d00   Section     1024  startup_stm32f10x_md.o(STACK)

    Global Symbols

    Symbol Name                              Value     Ov Type        Size  Object(Section)

    BuildAttributes$$THM_ISAv4$P$D$K$B$S$PE$A:L22UL41UL21$X:L11$S22US41US21$IEEE1$IW$USESV6$~STKCKD$USESV7$~SHL$OSPACE$ROPI$EBA8$MICROLIB$REQ8$PRES8$EABIv2 0x00000000   Number         0  anon$$obj.o ABSOLUTE
    __ARM_use_no_argv                        0x00000000   Number         0  app.o ABSOLUTE
    _printf_a                                0x00000000   Number         0  stubs.o ABSOLUTE
    _printf_c                                0x00000000   Number         0  stubs.o ABSOLUTE
    _printf_charcount                        0x00000000   Number         0  stubs.o ABSOLUTE
    _printf_d                                0x00000000   Number         0  stubs.o ABSOLUTE
    _printf_e                                0x00000000   Number         0  stubs.o ABSOLUTE
    _printf_f                                0x00000000   Number         0  stubs.o ABSOLUTE
    _printf_flags                            0x00000000   Number         0  stubs.o ABSOLUTE
    _printf_fp_dec                           0x00000000   Number         0  stubs.o ABSOLUTE
    _printf_fp_hex                           0x00000000   Number         0  stubs.o ABSOLUTE
    _printf_g                                0x00000000   Number         0  stubs.o ABSOLUTE
    _printf_i                                0x00000000   Number         0  stubs.o ABSOLUTE
    _printf_int_dec                          0x00000000   Number         0  stubs.o ABSOLUTE
    _printf_l                                0x00000000   Number         0  stubs.o ABSOLUTE
    _printf_lc                               0x00000000   Number         0  stubs.o ABSOLUTE
    _printf_ll                               0x00000000   Number         0  stubs.o ABSOLUTE
    _printf_lld                              0x00000000   Number         0  stubs.o ABSOLUTE
    _printf_lli                              0x00000000   Number         0  stubs.o ABSOLUTE
    _printf_llo                              0x00000000   Number         0  stubs.o ABSOLUTE
    _printf_llu                              0x00000000   Number         0  stubs.o ABSOLUTE
    _printf_llx                              0x00000000   Number         0  stubs.o ABSOLUTE
    _printf_longlong_dec                     0x00000000   Number         0  stubs.o ABSOLUTE
    _printf_longlong_hex                     0x00000000   Number         0  stubs.o ABSOLUTE
    _printf_longlong_oct                     0x00000000   Number         0  stubs.o ABSOLUTE
    _printf_ls                               0x00000000   Number         0  stubs.o ABSOLUTE
    _printf_mbtowc                           0x00000000   Number         0  stubs.o ABSOLUTE
    _printf_n                                0x00000000   Number         0  stubs.o ABSOLUTE
    _printf_o                                0x00000000   Number         0  stubs.o ABSOLUTE
    _printf_p                                0x00000000   Number         0  stubs.o ABSOLUTE
    _printf_percent                          0x00000000   Number         0  stubs.o ABSOLUTE
    _printf_pre_padding                      0x00000000   Number         0  stubs.o ABSOLUTE
    _printf_return_value                     0x00000000   Number         0  stubs.o ABSOLUTE
    _printf_s                                0x00000000   Number         0  stubs.o ABSOLUTE
    _printf_sizespec                         0x00000000   Number         0  stubs.o ABSOLUTE
    _printf_str                              0x00000000   Number         0  stubs.o ABSOLUTE
    _printf_truncate_signed                  0x00000000   Number         0  stubs.o ABSOLUTE
    _printf_truncate_unsigned                0x00000000   Number         0  stubs.o ABSOLUTE
    _printf_u                                0x00000000   Number         0  stubs.o ABSOLUTE
    _printf_wc                               0x00000000   Number         0  stubs.o ABSOLUTE
    _printf_wctomb                           0x00000000   Number         0  stubs.o ABSOLUTE
    _printf_widthprec                        0x00000000   Number         0  stubs.o ABSOLUTE
    _printf_x                                0x00000000   Number         0  stubs.o ABSOLUTE
    __cpp_initialize__aeabi_                  - Undefined Weak Reference
    __cxa_finalize                            - Undefined Weak Reference
    __decompress                              - Undefined Weak Reference
    _clock_init                               - Undefined Weak Reference
    _microlib_exit                            - Undefined Weak Reference
    __Vectors_Size                           0x000000ec   Number         0  startup_stm32f10x_md.o ABSOLUTE
    __Vectors                                0x08000000   Data           4  startup_stm32f10x_md.o(RESET)
    __Vectors_End                            0x080000ec   Data           0  startup_stm32f10x_md.o(RESET)
    __main                                   0x080000ed   Thumb Code     0  entry.o(.ARM.Collect$$$$00000000)
    _main_stk                                0x080000ed   Thumb Code     0  entry2.o(.ARM.Collect$$$$00000001)
    _main_scatterload                        0x080000f1   Thumb Code     0  entry5.o(.ARM.Collect$$$$00000004)
    __main_after_scatterload                 0x080000f5   Thumb Code     0  entry5.o(.ARM.Collect$$$$00000004)
    _main_clock                              0x080000f5   Thumb Code     0  entry7b.o(.ARM.Collect$$$$00000008)
    _main_cpp_init                           0x080000f5   Thumb Code     0  entry8b.o(.ARM.Collect$$$$0000000A)
    _main_init                               0x080000f5   Thumb Code     0  entry9a.o(.ARM.Collect$$$$0000000B)
    __rt_final_cpp                           0x080000fd   Thumb Code     0  entry10a.o(.ARM.Collect$$$$0000000D)
    __rt_final_exit                          0x080000fd   Thumb Code     0  entry11a.o(.ARM.Collect$$$$0000000F)
    Reset_Handler                            0x08000101   Thumb Code     8  startup_stm32f10x_md.o(.text)
    ADC1_2_IRQHandler                        0x0800011b   Thumb Code     0  startup_stm32f10x_md.o(.text)
    CAN1_RX1_IRQHandler                      0x0800011b   Thumb Code     0  startup_stm32f10x_md.o(.text)
    CAN1_SCE_IRQHandler                      0x0800011b   Thumb Code     0  startup_stm32f10x_md.o(.text)
    DMA1_Channel1_IRQHandler                 0x0800011b   Thumb Code     0  startup_stm32f10x_md.o(.text)
    DMA1_Channel2_IRQHandler                 0x0800011b   Thumb Code     0  startup_stm32f10x_md.o(.text)
    DMA1_Channel3_IRQHandler                 0x0800011b   Thumb Code     0  startup_stm32f10x_md.o(.text)
    DMA1_Channel4_IRQHandler                 0x0800011b   Thumb Code     0  startup_stm32f10x_md.o(.text)
    DMA1_Channel5_IRQHandler                 0x0800011b   Thumb Code     0  startup_stm32f10x_md.o(.text)
    DMA1_Channel6_IRQHandler                 0x0800011b   Thumb Code     0  startup_stm32f10x_md.o(.text)
    DMA1_Channel7_IRQHandler                 0x0800011b   Thumb Code     0  startup_stm32f10x_md.o(.text)
    EXTI0_IRQHandler                         0x0800011b   Thumb Code     0  startup_stm32f10x_md.o(.text)
    EXTI15_10_IRQHandler                     0x0800011b   Thumb Code     0  startup_stm32f10x_md.o(.text)
    EXTI1_IRQHandler                         0x0800011b   Thumb Code     0  startup_stm32f10x_md.o(.text)
    EXTI2_IRQHandler                         0x0800011b   Thumb Code     0  startup_stm32f10x_md.o(.text)
    EXTI3_IRQHandler                         0x0800011b   Thumb Code     0  startup_stm32f10x_md.o(.text)
    EXTI4_IRQHandler                         0x0800011b   Thumb Code     0  startup_stm32f10x_md.o(.text)
    EXTI9_5_IRQHandler                       0x0800011b   Thumb Code     0  startup_stm32f10x_md.o(.text)
    FLASH_IRQHandler                         0x0800011b   Thumb Code     0  startup_stm32f10x_md.o(.text)
    I2C1_ER_IRQHandler                       0x0800011b   Thumb Code     0  startup_stm32f10x_md.o(.text)
    I2C1_EV_IRQHandler                       0x0800011b   Thumb Code     0  startup_stm32f10x_md.o(.text)
    I2C2_ER_IRQHandler                       0x0800011b   Thumb Code     0  startup_stm32f10x_md.o(.text)
    I2C2_EV_IRQHandler                       0x0800011b   Thumb Code     0  startup_stm32f10x_md.o(.text)
    PVD_IRQHandler                           0x0800011b   Thumb Code     0  startup_stm32f10x_md.o(.text)
    RCC_IRQHandler                           0x0800011b   Thumb Code     0  startup_stm32f10x_md.o(.text)
    RTCAlarm_IRQHandler                      0x0800011b   Thumb Code     0  startup_stm32f10x_md.o(.text)
    RTC_IRQHandler                           0x0800011b   Thumb Code     0  startup_stm32f10x_md.o(.text)
    SPI1_IRQHandler                          0x0800011b   Thumb Code     0  startup_stm32f10x_md.o(.text)
    SPI2_IRQHandler                          0x0800011b   Thumb Code     0  startup_stm32f10x_md.o(.text)
    TAMPER_IRQHandler                        0x0800011b   Thumb Code     0  startup_stm32f10x_md.o(.text)
    TIM1_BRK_IRQHandler                      0x0800011b   Thumb Code     0  startup_stm32f10x_md.o(.text)
    TIM1_CC_IRQHandler                       0x0800011b   Thumb Code     0  startup_stm32f10x_md.o(.text)
    TIM1_TRG_COM_IRQHandler                  0x0800011b   Thumb Code     0  startup_stm32f10x_md.o(.text)
    TIM1_UP_IRQHandler                       0x0800011b   Thumb Code     0  startup_stm32f10x_md.o(.text)
    TIM2_IRQHandler                          0x0800011b   Thumb Code     0  startup_stm32f10x_md.o(.text)
    TIM3_IRQHandler                          0x0800011b   Thumb Code     0  startup_stm32f10x_md.o(.text)
    TIM4_IRQHandler                          0x0800011b   Thumb Code     0  startup_stm32f10x_md.o(.text)
    USART1_IRQHandler                        0x0800011b   Thumb Code     0  startup_stm32f10x_md.o(.text)
    USART2_IRQHandler                        0x0800011b   Thumb Code     0  startup_stm32f10x_md.o(.text)
    USART3_IRQHandler                        0x0800011b   Thumb Code     0  startup_stm32f10x_md.o(.text)
    USBWakeUp_IRQHandler                     0x0800011b   Thumb Code     0  startup_stm32f10x_md.o(.text)
    USB_HP_CAN1_TX_IRQHandler                0x0800011b   Thumb Code     0  startup_stm32f10x_md.o(.text)
    USB_LP_CAN1_RX0_IRQHandler               0x0800011b   Thumb Code     0  startup_stm32f10x_md.o(.text)
    WWDG_IRQHandler                          0x0800011b   Thumb Code     0  startup_stm32f10x_md.o(.text)
    CPU_IntDis                               0x08000125   Thumb Code     0  cpu_a.o(.text)
    CPU_IntEn                                0x08000129   Thumb Code     0  cpu_a.o(.text)
    CPU_SR_Save                              0x0800012d   Thumb Code     0  cpu_a.o(.text)
    CPU_SR_Restore                           0x08000135   Thumb Code     0  cpu_a.o(.text)
    CPU_CntLeadZeros                         0x0800013b   Thumb Code     0  cpu_a.o(.text)
    CPU_RevBits                              0x08000141   Thumb Code     0  cpu_a.o(.text)
    CPU_WaitForInt                           0x08000147   Thumb Code     0  cpu_a.o(.text)
    CPU_WaitForExcept                        0x0800014b   Thumb Code     0  cpu_a.o(.text)
    OS_CPU_SR_Save                           0x08000151   Thumb Code     0  os_cpu_a.o(.text)
    OS_CPU_SR_Restore                        0x08000159   Thumb Code     0  os_cpu_a.o(.text)
    OSStartHighRdy                           0x0800015f   Thumb Code     0  os_cpu_a.o(.text)
    OSCtxSw                                  0x0800017f   Thumb Code     0  os_cpu_a.o(.text)
    OSIntCtxSw                               0x08000189   Thumb Code     0  os_cpu_a.o(.text)
    PendSV_Handler                           0x08000193   Thumb Code     0  os_cpu_a.o(.text)
    __aeabi_uldivmod                         0x080001f5   Thumb Code    98  uldiv.o(.text)
    __scatterload                            0x08000259   Thumb Code    28  init.o(.text)
    __scatterload_rt2                        0x08000259   Thumb Code     0  init.o(.text)
    __aeabi_llsl                             0x0800027d   Thumb Code    30  llshl.o(.text)
    _ll_shift_l                              0x0800027d   Thumb Code     0  llshl.o(.text)
    __aeabi_llsr                             0x0800029b   Thumb Code    32  llushr.o(.text)
    _ll_ushift_r                             0x0800029b   Thumb Code     0  llushr.o(.text)
    App_TCBInitHook                          0x08000411   Thumb Code     2  app.o(i.App_TCBInitHook)
    App_TaskCreateHook                       0x08000413   Thumb Code     2  app.o(i.App_TaskCreateHook)
    App_TaskIdleHook                         0x08000415   Thumb Code     2  app.o(i.App_TaskIdleHook)
    App_TaskStatHook                         0x08000685   Thumb Code     2  app.o(i.App_TaskStatHook)
    App_TaskSwHook                           0x08000687   Thumb Code     2  app.o(i.App_TaskSwHook)
    BSP_CPU_ClkFreq                          0x080009b9   Thumb Code    16  bsp.o(i.BSP_CPU_ClkFreq)
    BSP_Init                                 0x080009c9   Thumb Code    52  bsp.o(i.BSP_Init)
    BusFault_Handler                         0x080009fd   Thumb Code     4  stm32f10x_it.o(i.BusFault_Handler)
    DebugMon_Handler                         0x08000a01   Thumb Code     2  stm32f10x_it.o(i.DebugMon_Handler)
    Delay_LCD                                0x08000a03   Thumb Code    30  lcd.o(i.Delay_LCD)
    GPIO_Configuration                       0x08000a21   Thumb Code   116  bsp.o(i.GPIO_Configuration)
    GPIO_Init                                0x08000aa1   Thumb Code   278  stm32f10x_gpio.o(i.GPIO_Init)
    GPIO_ResetBits                           0x08000bb7   Thumb Code     4  stm32f10x_gpio.o(i.GPIO_ResetBits)
    GPIO_SetBits                             0x08000bbb   Thumb Code     4  stm32f10x_gpio.o(i.GPIO_SetBits)
    HardFault_Handler                        0x08000bbf   Thumb Code     4  stm32f10x_it.o(i.HardFault_Handler)
    LCD_BusIn                                0x08000bc5   Thumb Code    32  lcd.o(i.LCD_BusIn)
    LCD_BusOut                               0x08000be9   Thumb Code    32  lcd.o(i.LCD_BusOut)
    LCD_Clear                                0x08000c0d   Thumb Code    38  lcd.o(i.LCD_Clear)
    LCD_CtrlLinesConfig                      0x08000c35   Thumb Code    60  lcd.o(i.LCD_CtrlLinesConfig)
    LCD_DisplayChar                          0x08000c75   Thumb Code    34  lcd.o(i.LCD_DisplayChar)
    LCD_DisplayStringLine                    0x08000c9d   Thumb Code    44  lcd.o(i.LCD_DisplayStringLine)
    LCD_DrawChar                             0x08000cc9   Thumb Code   100  lcd.o(i.LCD_DrawChar)
    LCD_ReadReg                              0x08000d35   Thumb Code    82  lcd.o(i.LCD_ReadReg)
    LCD_SetBackColor                         0x08000d91   Thumb Code    12  lcd.o(i.LCD_SetBackColor)
    LCD_SetCursor                            0x08000da1   Thumb Code    24  lcd.o(i.LCD_SetCursor)
    LCD_SetTextColor                         0x08000db9   Thumb Code    12  lcd.o(i.LCD_SetTextColor)
    LCD_WriteRAM                             0x08000dc9   Thumb Code    42  lcd.o(i.LCD_WriteRAM)
    LCD_WriteRAM_Prepare                     0x08000dfd   Thumb Code    44  lcd.o(i.LCD_WriteRAM_Prepare)
    LCD_WriteReg                             0x08000e31   Thumb Code    56  lcd.o(i.LCD_WriteReg)
    MemManage_Handler                        0x08000e71   Thumb Code     4  stm32f10x_it.o(i.MemManage_Handler)
    NMI_Handler                              0x08000e75   Thumb Code     2  stm32f10x_it.o(i.NMI_Handler)
    NVIC_Configuration                       0x08000e77   Thumb Code    22  bsp.o(i.NVIC_Configuration)
    NVIC_PriorityGroupConfig                 0x08000e8d   Thumb Code    10  misc.o(i.NVIC_PriorityGroupConfig)
    NVIC_SetVectorTable                      0x08000ea1   Thumb Code    12  misc.o(i.NVIC_SetVectorTable)
    OSInit                                   0x08000eb5   Thumb Code    40  os_core.o(i.OSInit)
    OSInitHookBegin                          0x08000edd   Thumb Code     2  os_cpu_c.o(i.OSInitHookBegin)
    OSInitHookEnd                            0x08000edf   Thumb Code     2  os_cpu_c.o(i.OSInitHookEnd)
    OSIntExit                                0x08000ee1   Thumb Code   112  os_core.o(i.OSIntExit)
    OSStart                                  0x08000f71   Thumb Code    48  os_core.o(i.OSStart)
    OSStatInit                               0x08000fb9   Thumb Code    62  os_core.o(i.OSStatInit)
    OSTCBInitHook                            0x08001005   Thumb Code    12  os_cpu_c.o(i.OSTCBInitHook)
    OSTaskCreate                             0x08001011   Thumb Code   150  os_task.o(i.OSTaskCreate)
    OSTaskCreateExt                          0x080010b5   Thumb Code   172  os_task.o(i.OSTaskCreateExt)
    OSTaskCreateHook                         0x0800116d   Thumb Code    12  os_cpu_c.o(i.OSTaskCreateHook)
    OSTaskIdleHook                           0x08001179   Thumb Code     8  os_cpu_c.o(i.OSTaskIdleHook)
    OSTaskNameSet                            0x08001181   Thumb Code   132  os_task.o(i.OSTaskNameSet)
    OSTaskStatHook                           0x08001211   Thumb Code     8  os_cpu_c.o(i.OSTaskStatHook)
    OSTaskStkChk                             0x08001219   Thumb Code   132  os_task.o(i.OSTaskStkChk)
    OSTaskStkInit                            0x080012a5   Thumb Code   154  os_cpu_c.o(i.OSTaskStkInit)
    OSTaskSuspend                            0x08001341   Thumb Code   152  os_task.o(i.OSTaskSuspend)
    OSTaskSwHook                             0x080013e9   Thumb Code     8  os_cpu_c.o(i.OSTaskSwHook)
    OSTimeDly                                0x080013f1   Thumb Code    96  os_time.o(i.OSTimeDly)
    OSTimeDlyHMSM                            0x08001461   Thumb Code   108  os_time.o(i.OSTimeDlyHMSM)
    OSTimeSet                                0x080014d1   Thumb Code    24  os_time.o(i.OSTimeSet)
    OSTimeTick                               0x080014ed   Thumb Code   210  os_core.o(i.OSTimeTick)
    OSTimeTickHook                           0x080015d9   Thumb Code     2  os_cpu_c.o(i.OSTimeTickHook)
    OSVersion                                0x080015db   Thumb Code     6  os_core.o(i.OSVersion)
    OS_CPU_SysTickClkFreq                    0x080015e1   Thumb Code    12  bsp.o(i.OS_CPU_SysTickClkFreq)
    OS_CPU_SysTickInit                       0x080015ed   Thumb Code    44  os_cpu_c.o(i.OS_CPU_SysTickInit)
    OS_FlagInit                              0x08001619   Thumb Code    68  os_flag.o(i.OS_FlagInit)
    OS_MemClr                                0x08001859   Thumb Code    18  os_core.o(i.OS_MemClr)
    OS_Sched                                 0x0800186d   Thumb Code    86  os_core.o(i.OS_Sched)
    OS_StrCopy                               0x0800190d   Thumb Code    28  os_core.o(i.OS_StrCopy)
    OS_StrLen                                0x08001929   Thumb Code    20  os_core.o(i.OS_StrLen)
    OS_TCBInit                               0x0800193d   Thumb Code   264  os_core.o(i.OS_TCBInit)
    OS_TaskIdle                              0x08001a5d   Thumb Code    32  os_core.o(i.OS_TaskIdle)
    OS_TaskStat                              0x08001a81   Thumb Code   114  os_core.o(i.OS_TaskStat)
    OS_TaskStatStkChk                        0x08001b09   Thumb Code    54  os_core.o(i.OS_TaskStatStkChk)
    OS_TaskStkClr                            0x08001b45   Thumb Code    26  os_task.o(i.OS_TaskStkClr)
    RCC_APB2PeriphClockCmd                   0x08001b61   Thumb Code    26  stm32f10x_rcc.o(i.RCC_APB2PeriphClockCmd)
    RCC_GetClocksFreq                        0x08001b95   Thumb Code   192  stm32f10x_rcc.o(i.RCC_GetClocksFreq)
    REG_8230_Init                            0x08001c69   Thumb Code   288  lcd.o(i.REG_8230_Init)
    REG_932X_Init                            0x08001d89   Thumb Code   514  lcd.o(i.REG_932X_Init)
    STM3210B_LCD_Init                        0x08001f8d   Thumb Code    50  lcd.o(i.STM3210B_LCD_Init)
    SVC_Handler                              0x08001fc5   Thumb Code     2  stm32f10x_it.o(i.SVC_Handler)
    SysTick_Handler                          0x080020b1   Thumb Code    34  os_cpu_c.o(i.SysTick_Handler)
    SystemInit                               0x080020d9   Thumb Code    78  system_stm32f10x.o(i.SystemInit)
    USART1_InitConfig                        0x08002139   Thumb Code    48  com.o(i.USART1_InitConfig)
    USART_Cmd                                0x0800216d   Thumb Code    24  stm32f10x_usart.o(i.USART_Cmd)
    USART_Init                               0x08002185   Thumb Code   210  stm32f10x_usart.o(i.USART_Init)
    UsageFault_Handler                       0x0800225d   Thumb Code     4  stm32f10x_it.o(i.UsageFault_Handler)
    __0printf$4                              0x08002261   Thumb Code    22  printf4.o(i.__0printf$4)
    __1printf$4                              0x08002261   Thumb Code     0  printf4.o(i.__0printf$4)
    __2printf                                0x08002261   Thumb Code     0  printf4.o(i.__0printf$4)
    __scatterload_copy                       0x08002281   Thumb Code    14  handlers.o(i.__scatterload_copy)
    __scatterload_null                       0x0800228f   Thumb Code     2  handlers.o(i.__scatterload_null)
    __scatterload_zeroinit                   0x08002291   Thumb Code    14  handlers.o(i.__scatterload_zeroinit)
    fputc                                    0x080024cd   Thumb Code    26  usart.o(i.fputc)
    main                                     0x080024ed   Thumb Code    76  app.o(i.main)
    ASCII_Table                              0x08002588   Data        4560  lcd.o(.constdata)
    OSUnMapTbl                               0x08003758   Data         256  os_core.o(.constdata)
    Region$$Table$$Base                      0x08003858   Number         0  anon$$obj.o(Region$$Table)
    Region$$Table$$Limit                     0x08003878   Number         0  anon$$obj.o(Region$$Table)
    dummy                                    0x20000018   Data           2  lcd.o(.data)
    OSCtxSwCtr                               0x2000001c   Data           4  os_core.o(.data)
    OSEventFreeList                          0x20000020   Data           4  os_core.o(.data)
    OSFlagFreeList                           0x20000024   Data           4  os_core.o(.data)
    OSCPUUsage                               0x20000028   Data           1  os_core.o(.data)
    OSIdleCtrMax                             0x2000002c   Data           4  os_core.o(.data)
    OSIdleCtrRun                             0x20000030   Data           4  os_core.o(.data)
    OSStatRdy                                0x20000034   Data           1  os_core.o(.data)
    OSIntNesting                             0x20000035   Data           1  os_core.o(.data)
    OSLockNesting                            0x20000036   Data           1  os_core.o(.data)
    OSPrioCur                                0x20000037   Data           1  os_core.o(.data)
    OSPrioHighRdy                            0x20000038   Data           1  os_core.o(.data)
    OSRdyGrp                                 0x20000039   Data           1  os_core.o(.data)
    OSRdyTbl                                 0x2000003a   Data           4  os_core.o(.data)
    OSRunning                                0x2000003e   Data           1  os_core.o(.data)
    OSTaskCtr                                0x2000003f   Data           1  os_core.o(.data)
    OSIdleCtr                                0x20000040   Data           4  os_core.o(.data)
    OSTCBCur                                 0x20000044   Data           4  os_core.o(.data)
    OSTCBFreeList                            0x20000048   Data           4  os_core.o(.data)
    OSTCBHighRdy                             0x2000004c   Data           4  os_core.o(.data)
    OSTCBList                                0x20000050   Data           4  os_core.o(.data)
    OSTickStepState                          0x20000054   Data           1  os_core.o(.data)
    OSTime                                   0x20000058   Data           4  os_core.o(.data)
    __stdout                                 0x2000005c   Data           4  stdout.o(.data)
    OSEventTbl                               0x20001260   Data         320  os_core.o(.bss)
    OSFlagTbl                                0x200013a0   Data         140  os_core.o(.bss)
    OSTaskStatStk                            0x2000142c   Data         512  os_core.o(.bss)
    OSTaskIdleStk                            0x2000162c   Data         512  os_core.o(.bss)
    OSTCBPrioTbl                             0x2000182c   Data         128  os_core.o(.bss)
    OSTCBTbl                                 0x200018ac   Data        1104  os_core.o(.bss)
    __initial_sp                             0x20002100   Data           0  startup_stm32f10x_md.o(STACK)



==============================================================================

Memory Map of the image

  Image Entry point : 0x080000ed

  Load Region LR_IROM1 (Base: 0x08000000, Size: 0x000038d8, Max: 0x00020000, ABSOLUTE)

    Execution Region ER_IROM1 (Exec base: 0x08000000, Load base: 0x08000000, Size: 0x00003878, Max: 0x00020000, ABSOLUTE)

    Exec Addr    Load Addr    Size         Type   Attr      Idx    E Section Name        Object

    0x08000000   0x08000000   0x000000ec   Data   RO            3    RESET               startup_stm32f10x_md.o
    0x080000ec   0x080000ec   0x00000000   Code   RO         4891  * .ARM.Collect$$$$00000000  mc_w.l(entry.o)
    0x080000ec   0x080000ec   0x00000004   Code   RO         5155    .ARM.Collect$$$$00000001  mc_w.l(entry2.o)
    0x080000f0   0x080000f0   0x00000004   Code   RO         5158    .ARM.Collect$$$$00000004  mc_w.l(entry5.o)
    0x080000f4   0x080000f4   0x00000000   Code   RO         5160    .ARM.Collect$$$$00000008  mc_w.l(entry7b.o)
    0x080000f4   0x080000f4   0x00000000   Code   RO         5162    .ARM.Collect$$$$0000000A  mc_w.l(entry8b.o)
    0x080000f4   0x080000f4   0x00000008   Code   RO         5163    .ARM.Collect$$$$0000000B  mc_w.l(entry9a.o)
    0x080000fc   0x080000fc   0x00000000   Code   RO         5165    .ARM.Collect$$$$0000000D  mc_w.l(entry10a.o)
    0x080000fc   0x080000fc   0x00000000   Code   RO         5167    .ARM.Collect$$$$0000000F  mc_w.l(entry11a.o)
    0x080000fc   0x080000fc   0x00000004   Code   RO         5156    .ARM.Collect$$$$00002712  mc_w.l(entry2.o)
    0x08000100   0x08000100   0x00000024   Code   RO            4    .text               startup_stm32f10x_md.o
    0x08000124   0x08000124   0x0000002a   Code   RO         4086    .text               cpu_a.o
    0x0800014e   0x0800014e   0x00000002   PAD
    0x08000150   0x08000150   0x000000a4   Code   RO         4219    .text               os_cpu_a.o
    0x080001f4   0x080001f4   0x00000062   Code   RO         5172    .text               mc_w.l(uldiv.o)
    0x08000256   0x08000256   0x00000002   PAD
    0x08000258   0x08000258   0x00000024   Code   RO         5185    .text               mc_w.l(init.o)
    0x0800027c   0x0800027c   0x0000001e   Code   RO         5187    .text               mc_w.l(llshl.o)
    0x0800029a   0x0800029a   0x00000020   Code   RO         5189    .text               mc_w.l(llushr.o)
    0x080002ba   0x080002ba   0x00000002   PAD
    0x080002bc   0x080002bc   0x00000154   Code   RO         3838    i.App_DispScr_SignOn  app.o
    0x08000410   0x08000410   0x00000002   Code   RO         3839    i.App_TCBInitHook   app.o
    0x08000412   0x08000412   0x00000002   Code   RO         3840    i.App_TaskCreateHook  app.o
    0x08000414   0x08000414   0x00000002   Code   RO         3842    i.App_TaskIdleHook  app.o
    0x08000416   0x08000416   0x00000002   PAD
    0x08000418   0x08000418   0x0000026c   Code   RO         3843    i.App_TaskStart     app.o
    0x08000684   0x08000684   0x00000002   Code   RO         3844    i.App_TaskStatHook  app.o
    0x08000686   0x08000686   0x00000002   Code   RO         3845    i.App_TaskSwHook    app.o
    0x08000688   0x08000688   0x00000068   Code   RO         3846    i.App_TaskUsre1     app.o
    0x080006f0   0x080006f0   0x00000064   Code   RO         3847    i.App_TaskUsre2     app.o
    0x08000754   0x08000754   0x00000064   Code   RO         3848    i.App_TaskUsre3     app.o
    0x080007b8   0x080007b8   0x00000068   Code   RO         3849    i.App_TaskUsre4     app.o
    0x08000820   0x08000820   0x00000064   Code   RO         3850    i.App_TaskUsre5     app.o
    0x08000884   0x08000884   0x00000064   Code   RO         3851    i.App_TaskUsre6     app.o
    0x080008e8   0x080008e8   0x00000068   Code   RO         3852    i.App_TaskUsre7     app.o
    0x08000950   0x08000950   0x00000068   Code   RO         3853    i.App_TaskUsre8     app.o
    0x080009b8   0x080009b8   0x00000010   Code   RO         3108    i.BSP_CPU_ClkFreq   bsp.o
    0x080009c8   0x080009c8   0x00000034   Code   RO         3109    i.BSP_Init          bsp.o
    0x080009fc   0x080009fc   0x00000004   Code   RO         3984    i.BusFault_Handler  stm32f10x_it.o
    0x08000a00   0x08000a00   0x00000002   Code   RO         3985    i.DebugMon_Handler  stm32f10x_it.o
    0x08000a02   0x08000a02   0x0000001e   Code   RO         3639    i.Delay_LCD         lcd.o
    0x08000a20   0x08000a20   0x00000080   Code   RO         3110    i.GPIO_Configuration  bsp.o
    0x08000aa0   0x08000aa0   0x00000116   Code   RO         1292    i.GPIO_Init         stm32f10x_gpio.o
    0x08000bb6   0x08000bb6   0x00000004   Code   RO         1299    i.GPIO_ResetBits    stm32f10x_gpio.o
    0x08000bba   0x08000bba   0x00000004   Code   RO         1300    i.GPIO_SetBits      stm32f10x_gpio.o
    0x08000bbe   0x08000bbe   0x00000004   Code   RO         3986    i.HardFault_Handler  stm32f10x_it.o
    0x08000bc2   0x08000bc2   0x00000002   PAD
    0x08000bc4   0x08000bc4   0x00000024   Code   RO         3640    i.LCD_BusIn         lcd.o
    0x08000be8   0x08000be8   0x00000024   Code   RO         3641    i.LCD_BusOut        lcd.o
    0x08000c0c   0x08000c0c   0x00000026   Code   RO         3642    i.LCD_Clear         lcd.o
    0x08000c32   0x08000c32   0x00000002   PAD
    0x08000c34   0x08000c34   0x00000040   Code   RO         3644    i.LCD_CtrlLinesConfig  lcd.o
    0x08000c74   0x08000c74   0x00000028   Code   RO         3645    i.LCD_DisplayChar   lcd.o
    0x08000c9c   0x08000c9c   0x0000002c   Code   RO         3648    i.LCD_DisplayStringLine  lcd.o
    0x08000cc8   0x08000cc8   0x0000006c   Code   RO         3649    i.LCD_DrawChar      lcd.o
    0x08000d34   0x08000d34   0x0000005c   Code   RO         3657    i.LCD_ReadReg       lcd.o
    0x08000d90   0x08000d90   0x00000010   Code   RO         3658    i.LCD_SetBackColor  lcd.o
    0x08000da0   0x08000da0   0x00000018   Code   RO         3659    i.LCD_SetCursor     lcd.o
    0x08000db8   0x08000db8   0x00000010   Code   RO         3661    i.LCD_SetTextColor  lcd.o
    0x08000dc8   0x08000dc8   0x00000034   Code   RO         3664    i.LCD_WriteRAM      lcd.o
    0x08000dfc   0x08000dfc   0x00000034   Code   RO         3665    i.LCD_WriteRAM_Prepare  lcd.o
    0x08000e30   0x08000e30   0x00000040   Code   RO         3666    i.LCD_WriteReg      lcd.o
    0x08000e70   0x08000e70   0x00000004   Code   RO         3987    i.MemManage_Handler  stm32f10x_it.o
    0x08000e74   0x08000e74   0x00000002   Code   RO         3988    i.NMI_Handler       stm32f10x_it.o
    0x08000e76   0x08000e76   0x00000016   Code   RO         3111    i.NVIC_Configuration  bsp.o
    0x08000e8c   0x08000e8c   0x00000014   Code   RO          138    i.NVIC_PriorityGroupConfig  misc.o
    0x08000ea0   0x08000ea0   0x00000014   Code   RO          139    i.NVIC_SetVectorTable  misc.o
    0x08000eb4   0x08000eb4   0x00000028   Code   RO         4332    i.OSInit            os_core.o
    0x08000edc   0x08000edc   0x00000002   Code   RO         4222    i.OSInitHookBegin   os_cpu_c.o
    0x08000ede   0x08000ede   0x00000002   Code   RO         4223    i.OSInitHookEnd     os_cpu_c.o
    0x08000ee0   0x08000ee0   0x00000090   Code   RO         4334    i.OSIntExit         os_core.o
    0x08000f70   0x08000f70   0x00000048   Code   RO         4337    i.OSStart           os_core.o
    0x08000fb8   0x08000fb8   0x0000004c   Code   RO         4338    i.OSStatInit        os_core.o
    0x08001004   0x08001004   0x0000000c   Code   RO         4224    i.OSTCBInitHook     os_cpu_c.o
    0x08001010   0x08001010   0x000000a4   Code   RO         4772    i.OSTaskCreate      os_task.o
    0x080010b4   0x080010b4   0x000000b8   Code   RO         4773    i.OSTaskCreateExt   os_task.o
    0x0800116c   0x0800116c   0x0000000c   Code   RO         4225    i.OSTaskCreateHook  os_cpu_c.o
    0x08001178   0x08001178   0x00000008   Code   RO         4227    i.OSTaskIdleHook    os_cpu_c.o
    0x08001180   0x08001180   0x00000090   Code   RO         4777    i.OSTaskNameSet     os_task.o
    0x08001210   0x08001210   0x00000008   Code   RO         4228    i.OSTaskStatHook    os_cpu_c.o
    0x08001218   0x08001218   0x0000008c   Code   RO         4780    i.OSTaskStkChk      os_task.o
    0x080012a4   0x080012a4   0x0000009a   Code   RO         4229    i.OSTaskStkInit     os_cpu_c.o
    0x0800133e   0x0800133e   0x00000002   PAD
    0x08001340   0x08001340   0x000000a8   Code   RO         4781    i.OSTaskSuspend     os_task.o
    0x080013e8   0x080013e8   0x00000008   Code   RO         4230    i.OSTaskSwHook      os_cpu_c.o
    0x080013f0   0x080013f0   0x00000070   Code   RO         4849    i.OSTimeDly         os_time.o
    0x08001460   0x08001460   0x00000070   Code   RO         4850    i.OSTimeDlyHMSM     os_time.o
    0x080014d0   0x080014d0   0x0000001c   Code   RO         4853    i.OSTimeSet         os_time.o
    0x080014ec   0x080014ec   0x000000ec   Code   RO         4339    i.OSTimeTick        os_core.o
    0x080015d8   0x080015d8   0x00000002   Code   RO         4231    i.OSTimeTickHook    os_cpu_c.o
    0x080015da   0x080015da   0x00000006   Code   RO         4340    i.OSVersion         os_core.o
    0x080015e0   0x080015e0   0x0000000c   Code   RO         3112    i.OS_CPU_SysTickClkFreq  bsp.o
    0x080015ec   0x080015ec   0x0000002c   Code   RO         4232    i.OS_CPU_SysTickInit  os_cpu_c.o
    0x08001618   0x08001618   0x0000004c   Code   RO         4569    i.OS_FlagInit       os_flag.o
    0x08001664   0x08001664   0x00000050   Code   RO         4348    i.OS_InitEventList  os_core.o
    0x080016b4   0x080016b4   0x00000054   Code   RO         4349    i.OS_InitMisc       os_core.o
    0x08001708   0x08001708   0x00000048   Code   RO         4350    i.OS_InitRdyList    os_core.o
    0x08001750   0x08001750   0x00000068   Code   RO         4351    i.OS_InitTCBList    os_core.o
    0x080017b8   0x080017b8   0x00000050   Code   RO         4352    i.OS_InitTaskIdle   os_core.o
    0x08001808   0x08001808   0x00000050   Code   RO         4353    i.OS_InitTaskStat   os_core.o
    0x08001858   0x08001858   0x00000012   Code   RO         4354    i.OS_MemClr         os_core.o
    0x0800186a   0x0800186a   0x00000002   PAD
    0x0800186c   0x0800186c   0x00000074   Code   RO         4356    i.OS_Sched          os_core.o
    0x080018e0   0x080018e0   0x0000002c   Code   RO         4357    i.OS_SchedNew       os_core.o
    0x0800190c   0x0800190c   0x0000001c   Code   RO         4358    i.OS_StrCopy        os_core.o
    0x08001928   0x08001928   0x00000014   Code   RO         4359    i.OS_StrLen         os_core.o
    0x0800193c   0x0800193c   0x00000120   Code   RO         4360    i.OS_TCBInit        os_core.o
    0x08001a5c   0x08001a5c   0x00000024   Code   RO         4361    i.OS_TaskIdle       os_core.o
    0x08001a80   0x08001a80   0x00000088   Code   RO         4362    i.OS_TaskStat       os_core.o
    0x08001b08   0x08001b08   0x0000003c   Code   RO         4363    i.OS_TaskStatStkChk  os_core.o
    0x08001b44   0x08001b44   0x0000001a   Code   RO         4782    i.OS_TaskStkClr     os_task.o
    0x08001b5e   0x08001b5e   0x00000002   PAD
    0x08001b60   0x08001b60   0x00000020   Code   RO         1710    i.RCC_APB2PeriphClockCmd  stm32f10x_rcc.o
    0x08001b80   0x08001b80   0x00000014   Code   RO         3113    i.RCC_Configuration  bsp.o
    0x08001b94   0x08001b94   0x000000d4   Code   RO         1718    i.RCC_GetClocksFreq  stm32f10x_rcc.o
    0x08001c68   0x08001c68   0x00000120   Code   RO         3667    i.REG_8230_Init     lcd.o
    0x08001d88   0x08001d88   0x00000202   Code   RO         3668    i.REG_932X_Init     lcd.o
    0x08001f8a   0x08001f8a   0x00000002   PAD
    0x08001f8c   0x08001f8c   0x00000038   Code   RO         3669    i.STM3210B_LCD_Init  lcd.o
    0x08001fc4   0x08001fc4   0x00000002   Code   RO         3989    i.SVC_Handler       stm32f10x_it.o
    0x08001fc6   0x08001fc6   0x00000008   Code   RO           24    i.SetSysClock       system_stm32f10x.o
    0x08001fce   0x08001fce   0x00000002   PAD
    0x08001fd0   0x08001fd0   0x000000e0   Code   RO           25    i.SetSysClockTo72   system_stm32f10x.o
    0x080020b0   0x080020b0   0x00000028   Code   RO         4233    i.SysTick_Handler   os_cpu_c.o
    0x080020d8   0x080020d8   0x00000060   Code   RO           27    i.SystemInit        system_stm32f10x.o
    0x08002138   0x08002138   0x00000034   Code   RO         3251    i.USART1_InitConfig  com.o
    0x0800216c   0x0800216c   0x00000018   Code   RO         2878    i.USART_Cmd         stm32f10x_usart.o
    0x08002184   0x08002184   0x000000d8   Code   RO         2885    i.USART_Init        stm32f10x_usart.o
    0x0800225c   0x0800225c   0x00000004   Code   RO         3990    i.UsageFault_Handler  stm32f10x_it.o
    0x08002260   0x08002260   0x00000020   Code   RO         5005    i.__0printf$4       mc_w.l(printf4.o)
    0x08002280   0x08002280   0x0000000e   Code   RO         5197    i.__scatterload_copy  mc_w.l(handlers.o)
    0x0800228e   0x0800228e   0x00000002   Code   RO         5198    i.__scatterload_null  mc_w.l(handlers.o)
    0x08002290   0x08002290   0x0000000e   Code   RO         5199    i.__scatterload_zeroinit  mc_w.l(handlers.o)
    0x0800229e   0x0800229e   0x00000002   PAD
    0x080022a0   0x080022a0   0x0000022c   Code   RO         5012    i._printf_core      mc_w.l(printf4.o)
    0x080024cc   0x080024cc   0x00000020   Code   RO         3229    i.fputc             usart.o
    0x080024ec   0x080024ec   0x0000009c   Code   RO         3854    i.main              app.o
    0x08002588   0x08002588   0x000011d0   Data   RO         3670    .constdata          lcd.o
    0x08003758   0x08003758   0x00000100   Data   RO         4365    .constdata          os_core.o
    0x08003858   0x08003858   0x00000020   Data   RO         5195    Region$$Table       anon$$obj.o


    Execution Region RW_IRAM1 (Exec base: 0x20000000, Load base: 0x08003878, Size: 0x00002100, Max: 0x00005000, ABSOLUTE)

    Exec Addr    Load Addr    Size         Type   Attr      Idx    E Section Name        Object

    0x20000000   0x08003878   0x00000014   Data   RW         1738    .data               stm32f10x_rcc.o
    0x20000014   0x0800388c   0x00000006   Data   RW         3671    .data               lcd.o
    0x2000001a   0x08003892   0x00000002   PAD
    0x2000001c   0x08003894   0x00000040   Data   RW         4366    .data               os_core.o
    0x2000005c   0x080038d4   0x00000004   Data   RW         5169    .data               mc_w.l(stdout.o)
    0x20000060        -       0x00001200   Zero   RW         3855    .bss                app.o
    0x20001260        -       0x00000a9c   Zero   RW         4364    .bss                os_core.o
    0x20001cfc   0x080038d8   0x00000004   PAD
    0x20001d00        -       0x00000400   Zero   RW            1    STACK               startup_stm32f10x_md.o


==============================================================================

Image component sizes


      Code (inc. data)   RO Data    RW Data    ZI Data      Debug   Object Name

      1942        962          0          0       4608      25438   app.o
       250         12          0          0          0      11967   bsp.o
        52          4          0          0          0        560   com.o
         0          0          0          0          0       4548   core_cm3.o
        42          0          0          0          0        320   cpu_a.o
      1570         76       4560          6          0      10757   lcd.o
        40         18          0          0          0       1109   misc.o
      1820        354        256         64       2716      22075   os_core.o
       164         32          0          0          0        344   os_cpu_a.o
       292          6          0          0          0      15991   os_cpu_c.o
        76          8          0          0          0       9311   os_flag.o
       826         62          0          0          0       5700   os_task.o
       252         24          0          0          0       2012   os_time.o
        36          8        236          0       1024        924   startup_stm32f10x_md.o
       286          0          0          0          0       3288   stm32f10x_gpio.o
        22          0          0          0          0       3039   stm32f10x_it.o
       244         26          0         20          0       4109   stm32f10x_rcc.o
       240          6          0          0          0       3069   stm32f10x_usart.o
       328         28          0          0          0     227505   system_stm32f10x.o
        32          6          0          0          0       2212   usart.o

    ----------------------------------------------------------------------
      8532       1632       5084         92       8352     354278   Object Totals
         0          0         32          0          0          0   (incl. Generated)
        18          0          0          2          4          0   (incl. Padding)

    ----------------------------------------------------------------------

      Code (inc. data)   RO Data    RW Data    ZI Data      Debug   Library Member Name

         0          0          0          0          0          0   entry.o
         0          0          0          0          0          0   entry10a.o
         0          0          0          0          0          0   entry11a.o
         8          4          0          0          0          0   entry2.o
         4          0          0          0          0          0   entry5.o
         0          0          0          0          0          0   entry7b.o
         0          0          0          0          0          0   entry8b.o
         8          4          0          0          0          0   entry9a.o
        30          0          0          0          0          0   handlers.o
        36          8          0          0          0         68   init.o
        30          0          0          0          0         68   llshl.o
        32          0          0          0          0         68   llushr.o
       588         14          0          0          0        184   printf4.o
         0          0          0          4          0          0   stdout.o
        98          0          0          0          0         92   uldiv.o

    ----------------------------------------------------------------------
       840         30          0          4          0        480   Library Totals
         6          0          0          0          0          0   (incl. Padding)

    ----------------------------------------------------------------------

      Code (inc. data)   RO Data    RW Data    ZI Data      Debug   Library Name

       834         30          0          4          0        480   mc_w.l

    ----------------------------------------------------------------------
       840         30          0          4          0        480   Library Totals

    ----------------------------------------------------------------------

==============================================================================


      Code (inc. data)   RO Data    RW Data    ZI Data      Debug   

      9372       1662       5084         96       8352     349658   Grand Totals
      9372       1662       5084         96       8352     349658   ELF Image Totals
      9372       1662       5084         96          0          0   ROM Totals

==============================================================================

    Total RO  Size (Code + RO Data)                14456 (  14.12kB)
    Total RW  Size (RW Data + ZI Data)              8448 (   8.25kB)
    Total ROM Size (Code + RO Data + RW Data)      14552 (  14.21kB)

==============================================================================

